Archive member included to satisfy reference by file (symbol)

/opt/st/stm32cubeide_1.12.1/plugins/com.st.stm32cube.ide.mcu.externaltools.gnu-tools-for-stm32.10.3-2021.10.linux64_1.0.200.202301161003/tools/bin/../lib/gcc/arm-none-eabi/10.3.1/../../../../arm-none-eabi/lib/thumb/v7e-m+dp/hard/libc_nano.a(lib_a-errno.o)
                              ./Core/Src/syscalls.o (__errno)
/opt/st/stm32cubeide_1.12.1/plugins/com.st.stm32cube.ide.mcu.externaltools.gnu-tools-for-stm32.10.3-2021.10.linux64_1.0.200.202301161003/tools/bin/../lib/gcc/arm-none-eabi/10.3.1/../../../../arm-none-eabi/lib/thumb/v7e-m+dp/hard/libc_nano.a(lib_a-exit.o)
                              /opt/st/stm32cubeide_1.12.1/plugins/com.st.stm32cube.ide.mcu.externaltools.gnu-tools-for-stm32.10.3-2021.10.linux64_1.0.200.202301161003/tools/bin/../lib/gcc/arm-none-eabi/10.3.1/../../../../arm-none-eabi/lib/thumb/v7e-m+dp/hard/crt0.o (exit)
/opt/st/stm32cubeide_1.12.1/plugins/com.st.stm32cube.ide.mcu.externaltools.gnu-tools-for-stm32.10.3-2021.10.linux64_1.0.200.202301161003/tools/bin/../lib/gcc/arm-none-eabi/10.3.1/../../../../arm-none-eabi/lib/thumb/v7e-m+dp/hard/libc_nano.a(lib_a-impure.o)
                              /opt/st/stm32cubeide_1.12.1/plugins/com.st.stm32cube.ide.mcu.externaltools.gnu-tools-for-stm32.10.3-2021.10.linux64_1.0.200.202301161003/tools/bin/../lib/gcc/arm-none-eabi/10.3.1/../../../../arm-none-eabi/lib/thumb/v7e-m+dp/hard/libc_nano.a(lib_a-exit.o) (_global_impure_ptr)
/opt/st/stm32cubeide_1.12.1/plugins/com.st.stm32cube.ide.mcu.externaltools.gnu-tools-for-stm32.10.3-2021.10.linux64_1.0.200.202301161003/tools/bin/../lib/gcc/arm-none-eabi/10.3.1/../../../../arm-none-eabi/lib/thumb/v7e-m+dp/hard/libc_nano.a(lib_a-init.o)
                              /opt/st/stm32cubeide_1.12.1/plugins/com.st.stm32cube.ide.mcu.externaltools.gnu-tools-for-stm32.10.3-2021.10.linux64_1.0.200.202301161003/tools/bin/../lib/gcc/arm-none-eabi/10.3.1/../../../../arm-none-eabi/lib/thumb/v7e-m+dp/hard/crt0.o (__libc_init_array)
/opt/st/stm32cubeide_1.12.1/plugins/com.st.stm32cube.ide.mcu.externaltools.gnu-tools-for-stm32.10.3-2021.10.linux64_1.0.200.202301161003/tools/bin/../lib/gcc/arm-none-eabi/10.3.1/../../../../arm-none-eabi/lib/thumb/v7e-m+dp/hard/libc_nano.a(lib_a-memcpy-stub.o)
                              ./Core/Src/pid.o (memcpy)
/opt/st/stm32cubeide_1.12.1/plugins/com.st.stm32cube.ide.mcu.externaltools.gnu-tools-for-stm32.10.3-2021.10.linux64_1.0.200.202301161003/tools/bin/../lib/gcc/arm-none-eabi/10.3.1/../../../../arm-none-eabi/lib/thumb/v7e-m+dp/hard/libc_nano.a(lib_a-memset.o)
                              /opt/st/stm32cubeide_1.12.1/plugins/com.st.stm32cube.ide.mcu.externaltools.gnu-tools-for-stm32.10.3-2021.10.linux64_1.0.200.202301161003/tools/bin/../lib/gcc/arm-none-eabi/10.3.1/../../../../arm-none-eabi/lib/thumb/v7e-m+dp/hard/crt0.o (memset)
/opt/st/stm32cubeide_1.12.1/plugins/com.st.stm32cube.ide.mcu.externaltools.gnu-tools-for-stm32.10.3-2021.10.linux64_1.0.200.202301161003/tools/bin/../lib/gcc/arm-none-eabi/10.3.1/../../../../arm-none-eabi/lib/thumb/v7e-m+dp/hard/libm.a(lib_a-sf_lrint.o)
                              ./Core/Src/imu.o (lrintf)
/opt/st/stm32cubeide_1.12.1/plugins/com.st.stm32cube.ide.mcu.externaltools.gnu-tools-for-stm32.10.3-2021.10.linux64_1.0.200.202301161003/tools/bin/../lib/gcc/arm-none-eabi/10.3.1/../../../../arm-none-eabi/lib/thumb/v7e-m+dp/hard/libm.a(lib_a-sf_pow.o)
                              ./Core/Src/filter.o (powf)
/opt/st/stm32cubeide_1.12.1/plugins/com.st.stm32cube.ide.mcu.externaltools.gnu-tools-for-stm32.10.3-2021.10.linux64_1.0.200.202301161003/tools/bin/../lib/gcc/arm-none-eabi/10.3.1/../../../../arm-none-eabi/lib/thumb/v7e-m+dp/hard/libm.a(lib_a-sf_pow_log2_data.o)
                              /opt/st/stm32cubeide_1.12.1/plugins/com.st.stm32cube.ide.mcu.externaltools.gnu-tools-for-stm32.10.3-2021.10.linux64_1.0.200.202301161003/tools/bin/../lib/gcc/arm-none-eabi/10.3.1/../../../../arm-none-eabi/lib/thumb/v7e-m+dp/hard/libm.a(lib_a-sf_pow.o) (__powf_log2_data)
/opt/st/stm32cubeide_1.12.1/plugins/com.st.stm32cube.ide.mcu.externaltools.gnu-tools-for-stm32.10.3-2021.10.linux64_1.0.200.202301161003/tools/bin/../lib/gcc/arm-none-eabi/10.3.1/../../../../arm-none-eabi/lib/thumb/v7e-m+dp/hard/libm.a(lib_a-wf_sqrt.o)
                              ./Core/Src/filter.o (sqrtf)
/opt/st/stm32cubeide_1.12.1/plugins/com.st.stm32cube.ide.mcu.externaltools.gnu-tools-for-stm32.10.3-2021.10.linux64_1.0.200.202301161003/tools/bin/../lib/gcc/arm-none-eabi/10.3.1/../../../../arm-none-eabi/lib/thumb/v7e-m+dp/hard/libm.a(lib_a-ef_sqrt.o)
                              /opt/st/stm32cubeide_1.12.1/plugins/com.st.stm32cube.ide.mcu.externaltools.gnu-tools-for-stm32.10.3-2021.10.linux64_1.0.200.202301161003/tools/bin/../lib/gcc/arm-none-eabi/10.3.1/../../../../arm-none-eabi/lib/thumb/v7e-m+dp/hard/libm.a(lib_a-wf_sqrt.o) (__ieee754_sqrtf)
[...]
Memory Configuration

Name             Origin             Length             Attributes
RAM              0x0000000020000000 0x0000000000080000 xrw
FLASH            0x0000000008000000 0x0000000000200000 xr
*default*        0x0000000000000000 0xffffffffffffffff

Linker script and memory map

LOAD /opt/st/stm32cubeide_1.12.1/plugins/com.st.stm32cube.ide.mcu.externaltools.gnu-tools-for-stm32.10.3-2021.10.linux64_1.0.200.202301161003/tools/bin/../lib/gcc/arm-none-eabi/10.3.1/thumb/v7e-m+dp/hard/crti.o
LOAD /opt/st/stm32cubeide_1.12.1/plugins/com.st.stm32cube.ide.mcu.externaltools.gnu-tools-for-stm32.10.3-2021.10.linux64_1.0.200.202301161003/tools/bin/../lib/gcc/arm-none-eabi/10.3.1/thumb/v7e-m+dp/hard/crtbegin.o
LOAD /opt/st/stm32cubeide_1.12.1/plugins/com.st.stm32cube.ide.mcu.externaltools.gnu-tools-for-stm32.10.3-2021.10.linux64_1.0.200.202301161003/tools/bin/../lib/gcc/arm-none-eabi/10.3.1/../../../../arm-none-eabi/lib/thumb/v7e-m+dp/hard/crt0.o
LOAD ./Core/Src/accel.o
LOAD ./Core/Src/attitude.o
LOAD ./Core/Src/comm.o
LOAD ./Core/Src/control_motor.o
LOAD ./Core/Src/filter.o
LOAD ./Core/Src/flight_math.o
LOAD ./Core/Src/gyro.o
LOAD ./Core/Src/imu.o
LOAD ./Core/Src/mag.o
LOAD ./Core/Src/main.o
LOAD ./Core/Src/pid.o
LOAD ./Core/Src/sensor_align.o
LOAD ./Core/Src/sensors.o
LOAD ./Core/Src/stm32f7xx_hal_msp.o
LOAD ./Core/Src/stm32f7xx_it.o
LOAD ./Core/Src/syscalls.o
LOAD ./Core/Src/sysmem.o
LOAD ./Core/Src/system_stm32f7xx.o
LOAD ./Core/Startup/startup_stm32f767zitx.o
LOAD ./Drivers/STM32F7xx_HAL_Driver/Src/stm32f7xx_hal.o
LOAD ./Drivers/STM32F7xx_HAL_Driver/Src/stm32f7xx_hal_cortex.o
LOAD ./Drivers/STM32F7xx_HAL_Driver/Src/stm32f7xx_hal_dma.o
LOAD ./Drivers/STM32F7xx_HAL_Driver/Src/stm32f7xx_hal_dma_ex.o
LOAD ./Drivers/STM32F7xx_HAL_Driver/Src/stm32f7xx_hal_exti.o
LOAD ./Drivers/STM32F7xx_HAL_Driver/Src/stm32f7xx_hal_flash.o
LOAD ./Drivers/STM32F7xx_HAL_Driver/Src/stm32f7xx_hal_flash_ex.o
LOAD ./Drivers/STM32F7xx_HAL_Driver/Src/stm32f7xx_hal_gpio.o
LOAD ./Drivers/STM32F7xx_HAL_Driver/Src/stm32f7xx_hal_i2c.o
LOAD ./Drivers/STM32F7xx_HAL_Driver/Src/stm32f7xx_hal_i2c_ex.o
LOAD ./Drivers/STM32F7xx_HAL_Driver/Src/stm32f7xx_hal_pcd.o
LOAD ./Drivers/STM32F7xx_HAL_Driver/Src/stm32f7xx_hal_pcd_ex.o
LOAD ./Drivers/STM32F7xx_HAL_Driver/Src/stm32f7xx_hal_pwr.o
LOAD ./Drivers/STM32F7xx_HAL_Driver/Src/stm32f7xx_hal_pwr_ex.o
LOAD ./Drivers/STM32F7xx_HAL_Driver/Src/stm32f7xx_hal_rcc.o
LOAD ./Drivers/STM32F7xx_HAL_Driver/Src/stm32f7xx_hal_rcc_ex.o
LOAD ./Drivers/STM32F7xx_HAL_Driver/Src/stm32f7xx_hal_tim.o
LOAD ./Drivers/STM32F7xx_HAL_Driver/Src/stm32f7xx_hal_tim_ex.o
LOAD ./Drivers/STM32F7xx_HAL_Driver/Src/stm32f7xx_hal_uart.o
LOAD ./Drivers/STM32F7xx_HAL_Driver/Src/stm32f7xx_hal_uart_ex.o
LOAD ./Drivers/STM32F7xx_HAL_Driver/Src/stm32f7xx_ll_usb.o
START GROUP
LOAD /opt/st/stm32cubeide_1.12.1/plugins/com.st.stm32cube.ide.mcu.externaltools.gnu-tools-for-stm32.10.3-2021.10.linux64_1.0.200.202301161003/tools/bin/../lib/gcc/arm-none-eabi/10.3.1/../../../../arm-none-eabi/lib/thumb/v7e-m+dp/hard/libc_nano.a
LOAD /opt/st/stm32cubeide_1.12.1/plugins/com.st.stm32cube.ide.mcu.externaltools.gnu-tools-for-stm32.10.3-2021.10.linux64_1.0.200.202301161003/tools/bin/../lib/gcc/arm-none-eabi/10.3.1/../../../../arm-none-eabi/lib/thumb/v7e-m+dp/hard/libm.a
END GROUP
START GROUP
LOAD /opt/st/stm32cubeide_1.12.1/plugins/com.st.stm32cube.ide.mcu.externaltools.gnu-tools-for-stm32.10.3-2021.10.linux64_1.0.200.202301161003/tools/bin/../lib/gcc/arm-none-eabi/10.3.1/thumb/v7e-m+dp/hard/libgcc.a
LOAD /opt/st/stm32cubeide_1.12.1/plugins/com.st.stm32cube.ide.mcu.externaltools.gnu-tools-for-stm32.10.3-2021.10.linux64_1.0.200.202301161003/tools/bin/../lib/gcc/arm-none-eabi/10.3.1/../../../../arm-none-eabi/lib/thumb/v7e-m+dp/hard/libc_nano.a
END GROUP
START GROUP
LOAD /opt/st/stm32cubeide_1.12.1/plugins/com.st.stm32cube.ide.mcu.externaltools.gnu-tools-for-stm32.10.3-2021.10.linux64_1.0.200.202301161003/tools/bin/../lib/gcc/arm-none-eabi/10.3.1/thumb/v7e-m+dp/hard/libgcc.a
LOAD /opt/st/stm32cubeide_1.12.1/plugins/com.st.stm32cube.ide.mcu.externaltools.gnu-tools-for-stm32.10.3-2021.10.linux64_1.0.200.202301161003/tools/bin/../lib/gcc/arm-none-eabi/10.3.1/../../../../arm-none-eabi/lib/thumb/v7e-m+dp/hard/libc_nano.a
LOAD /opt/st/stm32cubeide_1.12.1/plugins/com.st.stm32cube.ide.mcu.externaltools.gnu-tools-for-stm32.10.3-2021.10.linux64_1.0.200.202301161003/tools/bin/../lib/gcc/arm-none-eabi/10.3.1/../../../../arm-none-eabi/lib/thumb/v7e-m+dp/hard/libnosys.a
END GROUP
START GROUP
LOAD /opt/st/stm32cubeide_1.12.1/plugins/com.st.stm32cube.ide.mcu.externaltools.gnu-tools-for-stm32.10.3-2021.10.linux64_1.0.200.202301161003/tools/bin/../lib/gcc/arm-none-eabi/10.3.1/thumb/v7e-m+dp/hard/libgcc.a
LOAD /opt/st/stm32cubeide_1.12.1/plugins/com.st.stm32cube.ide.mcu.externaltools.gnu-tools-for-stm32.10.3-2021.10.linux64_1.0.200.202301161003/tools/bin/../lib/gcc/arm-none-eabi/10.3.1/../../../../arm-none-eabi/lib/thumb/v7e-m+dp/hard/libc_nano.a
LOAD /opt/st/stm32cubeide_1.12.1/plugins/com.st.stm32cube.ide.mcu.externaltools.gnu-tools-for-stm32.10.3-2021.10.linux64_1.0.200.202301161003/tools/bin/../lib/gcc/arm-none-eabi/10.3.1/../../../../arm-none-eabi/lib/thumb/v7e-m+dp/hard/libnosys.a
END GROUP
LOAD /opt/st/stm32cubeide_1.12.1/plugins/com.st.stm32cube.ide.mcu.externaltools.gnu-tools-for-stm32.10.3-2021.10.linux64_1.0.200.202301161003/tools/bin/../lib/gcc/arm-none-eabi/10.3.1/thumb/v7e-m+dp/hard/crtend.o
LOAD /opt/st/stm32cubeide_1.12.1/plugins/com.st.stm32cube.ide.mcu.externaltools.gnu-tools-for-stm32.10.3-2021.10.linux64_1.0.200.202301161003/tools/bin/../lib/gcc/arm-none-eabi/10.3.1/thumb/v7e-m+dp/hard/crtn.o
                0x0000000020080000                _estack = (ORIGIN (RAM) + LENGTH (RAM))
                0x0000000000000200                _Min_Heap_Size = 0x200
                0x0000000000000400                _Min_Stack_Size = 0x400

.isr_vector     0x0000000008000000      0x1f8
                0x0000000008000000                . = ALIGN (0x4)
 *(.isr_vector)
 .isr_vector    0x0000000008000000      0x1f8 ./Core/Startup/startup_stm32f767zitx.o
                0x0000000008000000                g_pfnVectors
                0x00000000080001f8                . = ALIGN (0x4)

.text           0x00000000080001f8     0x81ec
                0x00000000080001f8                . = ALIGN (0x4)
 *(.text)
 .text          0x00000000080001f8       0x40 /opt/st/stm32cubeide_1.12.1/plugins/com.st.stm32cube.ide.mcu.externaltools.gnu-tools-for-stm32.10.3-2021.10.linux64_1.0.200.202301161003/tools/bin/../lib/gcc/arm-none-eabi/10.3.1/thumb/v7e-m+dp/hard/crtbegin.o
 .text          0x0000000008000238       0x30 /opt/st/stm32cubeide_1.12.1/plugins/com.st.stm32cube.ide.mcu.externaltools.gnu-tools-for-stm32.10.3-2021.10.linux64_1.0.200.202301161003/tools/bin/../lib/gcc/arm-none-eabi/10.3.1/thumb/v7e-m+dp/hard/libgcc.a(_aeabi_uldivmod.o)
                0x0000000008000238                __aeabi_uldivmod
 .text          0x0000000008000268      0x2d0 /opt/st/stm32cubeide_1.12.1/plugins/com.st.stm32cube.ide.mcu.externaltools.gnu-tools-for-stm32.10.3-2021.10.linux64_1.0.200.202301161003/tools/bin/../lib/gcc/arm-none-eabi/10.3.1/thumb/v7e-m+dp/hard/libgcc.a(_udivmoddi4.o)
                0x0000000008000268                __udivmoddi4
 .text          0x0000000008000538        0x4 /opt/st/stm32cubeide_1.12.1/plugins/com.st.stm32cube.ide.mcu.externaltools.gnu-tools-for-stm32.10.3-2021.10.linux64_1.0.200.202301161003/tools/bin/../lib/gcc/arm-none-eabi/10.3.1/thumb/v7e-m+dp/hard/libgcc.a(_dvmd_tls.o)
                0x0000000008000538                __aeabi_ldiv0
                0x0000000008000538                __aeabi_idiv0
 *(.text*)
 .text.applyAccelerationTrims
                0x000000000800053c       0x74 ./Core/Src/accel.o
 .text.accInitFilters
                0x00000000080005b0       0xcc ./Core/Src/accel.o
 .text.setAccelerationTrims
                0x000000000800067c       0x20 ./Core/Src/accel.o
 .text.accInit  0x000000000800069c       0xb4 ./Core/Src/accel.o
                0x000000000800069c                accInit
 .text.accUpdate
                0x0000000008000750      0x124 ./Core/Src/accel.o
                0x0000000008000750                accUpdate
 .text.accGetAccumulationAverage
                0x0000000008000874       0xa4 ./Core/Src/accel.o
                0x0000000008000874                accGetAccumulationAverage
 .text.attitudeInit
                0x0000000008000918        0xc ./Core/Src/attitude.o
                0x0000000008000918                attitudeInit
 .text.attitudeUpdate
                0x0000000008000924       0x10 ./Core/Src/attitude.o
                0x0000000008000924                attitudeUpdate
 .text.i2cBusSetInstance
                0x0000000008000934       0x58 ./Core/Src/comm.o
                0x0000000008000934                i2cBusSetInstance
 .text.controlMotorInit
                0x000000000800098c        0xc ./Core/Src/control_motor.o
                0x000000000800098c                controlMotorInit
 .text.controlMotorUpdate
                0x0000000008000998       0x14 ./Core/Src/control_motor.o
                0x0000000008000998                controlMotorUpdate
 .text.filterGetNotchQ
                0x00000000080009ac       0x44 ./Core/Src/filter.o
                0x00000000080009ac                filterGetNotchQ
 .text.nullFilterApply
                0x00000000080009f0       0x20 ./Core/Src/filter.o
                0x00000000080009f0                nullFilterApply
 .text.pt1FilterGain
                0x0000000008000a10       0x50 ./Core/Src/filter.o
                0x0000000008000a10                pt1FilterGain
 .text.pt1FilterInit
                0x0000000008000a60       0x26 ./Core/Src/filter.o
                0x0000000008000a60                pt1FilterInit
 .text.pt1FilterApply
                0x0000000008000a86       0x4a ./Core/Src/filter.o
                0x0000000008000a86                pt1FilterApply
 .text.biquadFilterInit
                0x0000000008000ad0       0x5a ./Core/Src/filter.o
                0x0000000008000ad0                biquadFilterInit
 *fill*         0x0000000008000b2a        0x2 
 .text.biquadFilterInitLPF
                0x0000000008000b2c       0x30 ./Core/Src/filter.o
                0x0000000008000b2c                biquadFilterInitLPF
 .text.biquadFilterApply
                0x0000000008000b5c       0x92 ./Core/Src/filter.o
                0x0000000008000b5c                biquadFilterApply
 *fill*         0x0000000008000bee        0x2 
 .text.biquadFilterUpdate
                0x0000000008000bf0      0x1e0 ./Core/Src/filter.o
                0x0000000008000bf0                biquadFilterUpdate
 .text.pt2FilterGain
                0x0000000008000dd0       0x9c ./Core/Src/filter.o
                0x0000000008000dd0                pt2FilterGain
 .text.pt2FilterInit
                0x0000000008000e6c       0x2e ./Core/Src/filter.o
                0x0000000008000e6c                pt2FilterInit
 .text.pt2FilterApply
                0x0000000008000e9a       0x74 ./Core/Src/filter.o
                0x0000000008000e9a                pt2FilterApply
 *fill*         0x0000000008000f0e        0x2 
 .text.pt3FilterGain
                0x0000000008000f10       0x9c ./Core/Src/filter.o
                0x0000000008000f10                pt3FilterGain
 .text.pt3FilterInit
                0x0000000008000fac       0x36 ./Core/Src/filter.o
                0x0000000008000fac                pt3FilterInit
 .text.pt3FilterApply
                0x0000000008000fe2       0x9e ./Core/Src/filter.o
                0x0000000008000fe2                pt3FilterApply
 .text.sin_approx
                0x0000000008001080      0x154 ./Core/Src/flight_math.o
                0x0000000008001080                sin_approx
 .text.cos_approx
                0x00000000080011d4       0x30 ./Core/Src/flight_math.o
                0x00000000080011d4                cos_approx
 .text.acos_approx
                0x0000000008001204       0xa8 ./Core/Src/flight_math.o
                0x0000000008001204                acos_approx
 .text.atan2_approx
                0x00000000080012ac      0x194 ./Core/Src/flight_math.o
                0x00000000080012ac                atan2_approx
 .text.rotateVector
                0x0000000008001440       0xd4 ./Core/Src/flight_math.o
                0x0000000008001440                rotateVector
 .text.buildRotationMatrix
                0x0000000008001514      0x17c ./Core/Src/flight_math.o
                0x0000000008001514                buildRotationMatrix
 .text.degreesToRadians
                0x0000000008001690       0x30 ./Core/Src/flight_math.o
                0x0000000008001690                degreesToRadians
 .text.gyroSetTargetLooptime
                0x00000000080016c0       0x98 ./Core/Src/gyro.o
 .text.gyroSetSampleRate
                0x0000000008001758       0x3a ./Core/Src/gyro.o
 .text.gyroInitSlewLimiter
                0x0000000008001792       0x36 ./Core/Src/gyro.o
 .text.gyroInitSensorFilters
                0x00000000080017c8       0x16 ./Core/Src/gyro.o
 .text.gyroInitSensor
                0x00000000080017de       0x7e ./Core/Src/gyro.o
 .text.calculateNyquistAdjustedNotchHz
                0x000000000800185c       0x4c ./Core/Src/gyro.o
 .text.gyroInitLowpassFilterLpf
                0x00000000080018a8      0x1e4 ./Core/Src/gyro.o
 .text.gyroInitFilterNotch1
                0x0000000008001a8c       0xbc ./Core/Src/gyro.o
 .text.gyroInitFilterNotch2
                0x0000000008001b48       0xbc ./Core/Src/gyro.o
 .text.gyroInitFilters
                0x0000000008001c04       0x48 ./Core/Src/gyro.o
 .text.gyroInit
                0x0000000008001c4c       0xc0 ./Core/Src/gyro.o
                0x0000000008001c4c                gyroInit
 .text.gyroUpdateSensor
                0x0000000008001d0c       0x98 ./Core/Src/gyro.o
 .text.gyroUpdate
                0x0000000008001da4      0x11c ./Core/Src/gyro.o
                0x0000000008001da4                gyroUpdate
 .text.gyroFilter
                0x0000000008001ec0      0x110 ./Core/Src/gyro.o
                0x0000000008001ec0                gyroFilter
 .text.gyroAccumulateMeasurements
                0x0000000008001fd0       0xac ./Core/Src/gyro.o
                0x0000000008001fd0                gyroAccumulateMeasurements
 .text.gyroGetAccumulationAverage
                0x000000000800207c       0xa8 ./Core/Src/gyro.o
                0x000000000800207c                gyroGetAccumulationAverage
 .text.gyroOverflowDetected
                0x0000000008002124       0x10 ./Core/Src/gyro.o
                0x0000000008002124                gyroOverflowDetected
 .text.getCosTiltAngle
                0x0000000008002134       0x1c ./Core/Src/imu.o
 .text.imuQuaternionComputeProducts
                0x0000000008002150       0xf2 ./Core/Src/imu.o
 *fill*         0x0000000008002242        0x2 
 .text.imuComputeRotationMatrix
                0x0000000008002244      0x12c ./Core/Src/imu.o
 .text.calculateAccZLowPassFilterRCTimeConstant
                0x0000000008002370       0x34 ./Core/Src/imu.o
 .text.calculateThrottleAngleScale
                0x00000000080023a4       0x3c ./Core/Src/imu.o
 .text.imuConfigure
                0x00000000080023e0       0x84 ./Core/Src/imu.o
 .text.imuInit  0x0000000008002464       0x20 ./Core/Src/imu.o
                0x0000000008002464                imuInit
 .text.imuIsAccelerometerHealthy
                0x0000000008002484       0xa0 ./Core/Src/imu.o
 .text.invSqrt  0x0000000008002524       0x2c ./Core/Src/imu.o
 .text.imuMahonyAHRSupdate
                0x0000000008002550      0x714 ./Core/Src/imu.o
 .text.imuUpdateEulerAngles
                0x0000000008002c64       0xd8 ./Core/Src/imu.o
 .text.imuCalcKpGain
                0x0000000008002d3c      0x148 ./Core/Src/imu.o
 .text.imuCalculateEstimatedAttitude
                0x0000000008002e84      0x100 ./Core/Src/imu.o
                0x0000000008002e84                imuCalculateEstimatedAttitude
 .text.calculateThrottleAngleCorrection
                0x0000000008002f84       0xb0 ./Core/Src/imu.o
 .text.mixerSetThrottleAngleCorrection
                0x0000000008003034       0x14 ./Core/Src/imu.o
 .text.imuCalculateThrottleAngleCorrection
                0x0000000008003048       0x1a ./Core/Src/imu.o
                0x0000000008003048                imuCalculateThrottleAngleCorrection
 *fill*         0x0000000008003062        0x2 
 .text.compassDetect
                0x0000000008003064       0x90 ./Core/Src/mag.o
 .text.magInit  0x00000000080030f4       0x78 ./Core/Src/mag.o
                0x00000000080030f4                magInit
 .text.magUpdate
                0x000000000800316c       0xd8 ./Core/Src/mag.o
                0x000000000800316c                magUpdate
 .text.main     0x0000000008003244       0x5c ./Core/Src/main.o
                0x0000000008003244                main
 .text.SystemClock_Config
                0x00000000080032a0       0xe4 ./Core/Src/main.o
                0x00000000080032a0                SystemClock_Config
 .text.MX_USART3_UART_Init
                0x0000000008003384       0x60 ./Core/Src/main.o
 .text.MX_USB_OTG_FS_PCD_Init
                0x00000000080033e4       0x5c ./Core/Src/main.o
 .text.MX_GPIO_Init
                0x0000000008003440      0x1cc ./Core/Src/main.o
 .text.sensorGyroInit
                0x000000000800360c       0x14 ./Core/Src/main.o
 .text.sensorGyroRead
                0x0000000008003620       0x32 ./Core/Src/main.o
 .text.sensorAccInit
                0x0000000008003652       0x14 ./Core/Src/main.o
 .text.sensorAccRead
                0x0000000008003666       0x2e ./Core/Src/main.o
 .text.sensorMagInit
                0x0000000008003694       0x16 ./Core/Src/main.o
 .text.sensorMagRead
                0x00000000080036aa       0x34 ./Core/Src/main.o
 .text.Error_Handler
                0x00000000080036de        0xa ./Core/Src/main.o
                0x00000000080036de                Error_Handler
 .text.constrain
                0x00000000080036e8       0x32 ./Core/Src/pid.o
 .text.constrainf
                0x000000000800371a       0x52 ./Core/Src/pid.o
 .text.isUsingSticksForArming
                0x000000000800376c       0x10 ./Core/Src/pid.o
 .text.pidAntiGravityEnabled
                0x000000000800377c       0x18 ./Core/Src/pid.o
 .text.pidSetTargetLooptime
                0x0000000008003794       0x54 ./Core/Src/pid.o
 .text.pidInitFilters
                0x00000000080037e8      0x530 ./Core/Src/pid.o
 .text.pidInitConfig
                0x0000000008003d18      0x380 ./Core/Src/pid.o
 .text.resetPidProfile
                0x0000000008004098       0x2c ./Core/Src/pid.o
 .text.pidInit  0x00000000080040c4       0xc4 ./Core/Src/pid.o
                0x00000000080040c4                pidInit
 .text.rotateItermAndAxisError
                0x0000000008004188       0xec ./Core/Src/pid.o
 .text.getSetpointRate
                0x0000000008004274       0x28 ./Core/Src/pid.o
 .text.accelerationLimit
                0x000000000800429c       0xbc ./Core/Src/pid.o
 .text.pidResetIterm
                0x0000000008004358       0x40 ./Core/Src/pid.o
 .text.pidController
                0x0000000008004398      0x6a4 ./Core/Src/pid.o
                0x0000000008004398                pidController
 .text.pidSetItermAccelerator
                0x0000000008004a3c       0x24 ./Core/Src/pid.o
 .text.checkForThrottleErrorResetState
                0x0000000008004a60      0x100 ./Core/Src/pid.o
 .text.applyActualRates
                0x0000000008004b60      0x11c ./Core/Src/pid.o
 .text.scaleRawSetpointToFpvCamAngle
                0x0000000008004c7c       0xa4 ./Core/Src/pid.o
 .text.resetYawAxis
                0x0000000008004d20       0x28 ./Core/Src/pid.o
 .text.pidIncUpdateCounter
                0x0000000008004d48       0x40 ./Core/Src/pid.o
                0x0000000008004d48                pidIncUpdateCounter
 .text.processRcCommand
                0x0000000008004d88      0x178 ./Core/Src/pid.o
                0x0000000008004d88                processRcCommand
 .text.buildRotationMatrixFromAlignment
                0x0000000008004f00       0x88 ./Core/Src/sensor_align.o
                0x0000000008004f00                buildRotationMatrixFromAlignment
 .text.buildAlignmentFromStandardAlignment
                0x0000000008004f88       0x9a ./Core/Src/sensor_align.o
                0x0000000008004f88                buildAlignmentFromStandardAlignment
 *fill*         0x0000000008005022        0x2 
 .text.alignSensorViaRotation
                0x0000000008005024      0x174 ./Core/Src/sensor_align.o
                0x0000000008005024                alignSensorViaRotation
 .text.sensorsInit
                0x0000000008005198       0x2e ./Core/Src/sensors.o
                0x0000000008005198                sensorsInit
 .text.sensorsUpdate
                0x00000000080051c6       0x1c ./Core/Src/sensors.o
                0x00000000080051c6                sensorsUpdate
 *fill*         0x00000000080051e2        0x2 
 .text.HAL_MspInit
                0x00000000080051e4       0x48 ./Core/Src/stm32f7xx_hal_msp.o
                0x00000000080051e4                HAL_MspInit
 .text.HAL_UART_MspInit
                0x000000000800522c       0xc0 ./Core/Src/stm32f7xx_hal_msp.o
                0x000000000800522c                HAL_UART_MspInit
 .text.HAL_PCD_MspInit
                0x00000000080052ec       0xf4 ./Core/Src/stm32f7xx_hal_msp.o
                0x00000000080052ec                HAL_PCD_MspInit
 .text.NMI_Handler
                0x00000000080053e0        0x6 ./Core/Src/stm32f7xx_it.o
                0x00000000080053e0                NMI_Handler
 .text.HardFault_Handler
                0x00000000080053e6        0x6 ./Core/Src/stm32f7xx_it.o
                0x00000000080053e6                HardFault_Handler
 .text.MemManage_Handler
                0x00000000080053ec        0x6 ./Core/Src/stm32f7xx_it.o
                0x00000000080053ec                MemManage_Handler
 .text.BusFault_Handler
                0x00000000080053f2        0x6 ./Core/Src/stm32f7xx_it.o
                0x00000000080053f2                BusFault_Handler
 .text.UsageFault_Handler
                0x00000000080053f8        0x6 ./Core/Src/stm32f7xx_it.o
                0x00000000080053f8                UsageFault_Handler
 .text.SVC_Handler
                0x00000000080053fe        0xe ./Core/Src/stm32f7xx_it.o
                0x00000000080053fe                SVC_Handler
 .text.DebugMon_Handler
                0x000000000800540c        0xe ./Core/Src/stm32f7xx_it.o
                0x000000000800540c                DebugMon_Handler
 .text.PendSV_Handler
                0x000000000800541a        0xe ./Core/Src/stm32f7xx_it.o
                0x000000000800541a                PendSV_Handler
 .text.SysTick_Handler
                0x0000000008005428        0xc ./Core/Src/stm32f7xx_it.o
                0x0000000008005428                SysTick_Handler
 .text.SystemInit
                0x0000000008005434       0x24 ./Core/Src/system_stm32f7xx.o
                0x0000000008005434                SystemInit
 .text.Reset_Handler
                0x0000000008005458       0x50 ./Core/Startup/startup_stm32f767zitx.o
                0x0000000008005458                Reset_Handler
 .text.Default_Handler
                0x00000000080054a8        0x2 ./Core/Startup/startup_stm32f767zitx.o
                0x00000000080054a8                RTC_Alarm_IRQHandler
                0x00000000080054a8                EXTI2_IRQHandler
                0x00000000080054a8                TIM8_CC_IRQHandler
                0x00000000080054a8                UART8_IRQHandler
                0x00000000080054a8                SPI4_IRQHandler
                0x00000000080054a8                TIM1_CC_IRQHandler
                0x00000000080054a8                DMA2_Stream5_IRQHandler
                0x00000000080054a8                JPEG_IRQHandler
                0x00000000080054a8                DMA1_Stream5_IRQHandler
                0x00000000080054a8                CAN3_RX1_IRQHandler
                0x00000000080054a8                PVD_IRQHandler
                0x00000000080054a8                TAMP_STAMP_IRQHandler
                0x00000000080054a8                CAN2_RX1_IRQHandler
                0x00000000080054a8                EXTI3_IRQHandler
                0x00000000080054a8                TIM8_TRG_COM_TIM14_IRQHandler
                0x00000000080054a8                DFSDM1_FLT1_IRQHandler
                0x00000000080054a8                TIM1_UP_TIM10_IRQHandler
                0x00000000080054a8                TIM8_UP_TIM13_IRQHandler
                0x00000000080054a8                I2C3_ER_IRQHandler
                0x00000000080054a8                DFSDM1_FLT2_IRQHandler
                0x00000000080054a8                EXTI0_IRQHandler
                0x00000000080054a8                I2C2_EV_IRQHandler
                0x00000000080054a8                DMA1_Stream2_IRQHandler
                0x00000000080054a8                CAN1_RX0_IRQHandler
                0x00000000080054a8                FPU_IRQHandler
                0x00000000080054a8                OTG_HS_WKUP_IRQHandler
                0x00000000080054a8                CAN3_SCE_IRQHandler
                0x00000000080054a8                LTDC_ER_IRQHandler
                0x00000000080054a8                CAN2_SCE_IRQHandler
                0x00000000080054a8                DMA2_Stream2_IRQHandler
                0x00000000080054a8                SPI1_IRQHandler
                0x00000000080054a8                TIM6_DAC_IRQHandler
                0x00000000080054a8                TIM1_BRK_TIM9_IRQHandler
                0x00000000080054a8                DCMI_IRQHandler
                0x00000000080054a8                CAN2_RX0_IRQHandler
                0x00000000080054a8                DMA2_Stream3_IRQHandler
                0x00000000080054a8                SAI2_IRQHandler
                0x00000000080054a8                DFSDM1_FLT3_IRQHandler
                0x00000000080054a8                USART6_IRQHandler
                0x00000000080054a8                CAN3_RX0_IRQHandler
                0x00000000080054a8                USART3_IRQHandler
                0x00000000080054a8                CAN1_RX1_IRQHandler
                0x00000000080054a8                UART5_IRQHandler
                0x00000000080054a8                DMA2_Stream0_IRQHandler
                0x00000000080054a8                TIM4_IRQHandler
                0x00000000080054a8                QUADSPI_IRQHandler
                0x00000000080054a8                I2C1_EV_IRQHandler
                0x00000000080054a8                DMA1_Stream6_IRQHandler
                0x00000000080054a8                DMA1_Stream1_IRQHandler
                0x00000000080054a8                UART4_IRQHandler
                0x00000000080054a8                TIM3_IRQHandler
                0x00000000080054a8                RCC_IRQHandler
                0x00000000080054a8                TIM8_BRK_TIM12_IRQHandler
                0x00000000080054a8                Default_Handler
                0x00000000080054a8                CEC_IRQHandler
                0x00000000080054a8                EXTI15_10_IRQHandler
                0x00000000080054a8                ADC_IRQHandler
                0x00000000080054a8                DMA1_Stream7_IRQHandler
                0x00000000080054a8                SPI5_IRQHandler
                0x00000000080054a8                TIM7_IRQHandler
                0x00000000080054a8                SDMMC1_IRQHandler
                0x00000000080054a8                CAN2_TX_IRQHandler
                0x00000000080054a8                TIM5_IRQHandler
                0x00000000080054a8                DMA2_Stream7_IRQHandler
                0x00000000080054a8                I2C3_EV_IRQHandler
                0x00000000080054a8                EXTI9_5_IRQHandler
                0x00000000080054a8                RTC_WKUP_IRQHandler
                0x00000000080054a8                LTDC_IRQHandler
                0x00000000080054a8                ETH_WKUP_IRQHandler
                0x00000000080054a8                SPDIF_RX_IRQHandler
                0x00000000080054a8                SPI2_IRQHandler
                0x00000000080054a8                OTG_HS_EP1_IN_IRQHandler
                0x00000000080054a8                DMA1_Stream0_IRQHandler
                0x00000000080054a8                CAN1_TX_IRQHandler
                0x00000000080054a8                EXTI4_IRQHandler
                0x00000000080054a8                RNG_IRQHandler
                0x00000000080054a8                ETH_IRQHandler
                0x00000000080054a8                OTG_HS_EP1_OUT_IRQHandler
                0x00000000080054a8                WWDG_IRQHandler
                0x00000000080054a8                SPI6_IRQHandler
                0x00000000080054a8                MDIOS_IRQHandler
                0x00000000080054a8                I2C4_EV_IRQHandler
                0x00000000080054a8                CAN3_TX_IRQHandler
                0x00000000080054a8                TIM2_IRQHandler
                0x00000000080054a8                OTG_FS_WKUP_IRQHandler
                0x00000000080054a8                TIM1_TRG_COM_TIM11_IRQHandler
                0x00000000080054a8                OTG_HS_IRQHandler
                0x00000000080054a8                DMA2D_IRQHandler
                0x00000000080054a8                EXTI1_IRQHandler
                0x00000000080054a8                SDMMC2_IRQHandler
                0x00000000080054a8                UART7_IRQHandler
                0x00000000080054a8                USART2_IRQHandler
                0x00000000080054a8                DFSDM1_FLT0_IRQHandler
                0x00000000080054a8                I2C2_ER_IRQHandler
                0x00000000080054a8                DMA2_Stream1_IRQHandler
                0x00000000080054a8                CAN1_SCE_IRQHandler
                0x00000000080054a8                FLASH_IRQHandler
                0x00000000080054a8                DMA2_Stream4_IRQHandler
                0x00000000080054a8                USART1_IRQHandler
                0x00000000080054a8                OTG_FS_IRQHandler
                0x00000000080054a8                SPI3_IRQHandler
                0x00000000080054a8                DMA1_Stream4_IRQHandler
                0x00000000080054a8                I2C1_ER_IRQHandler
                0x00000000080054a8                FMC_IRQHandler
                0x00000000080054a8                LPTIM1_IRQHandler
                0x00000000080054a8                I2C4_ER_IRQHandler
                0x00000000080054a8                DMA2_Stream6_IRQHandler
                0x00000000080054a8                SAI1_IRQHandler
                0x00000000080054a8                DMA1_Stream3_IRQHandler
 .text.HAL_Init
                0x00000000080054aa       0x1a ./Drivers/STM32F7xx_HAL_Driver/Src/stm32f7xx_hal.o
                0x00000000080054aa                HAL_Init
 .text.HAL_InitTick
                0x00000000080054c4       0x60 ./Drivers/STM32F7xx_HAL_Driver/Src/stm32f7xx_hal.o
                0x00000000080054c4                HAL_InitTick
 .text.HAL_IncTick
                0x0000000008005524       0x28 ./Drivers/STM32F7xx_HAL_Driver/Src/stm32f7xx_hal.o
                0x0000000008005524                HAL_IncTick
 .text.HAL_GetTick
                0x000000000800554c       0x18 ./Drivers/STM32F7xx_HAL_Driver/Src/stm32f7xx_hal.o
                0x000000000800554c                HAL_GetTick
 .text.HAL_Delay
                0x0000000008005564       0x48 ./Drivers/STM32F7xx_HAL_Driver/Src/stm32f7xx_hal.o
                0x0000000008005564                HAL_Delay
 .text.__NVIC_SetPriorityGrouping
                0x00000000080055ac       0x48 ./Drivers/STM32F7xx_HAL_Driver/Src/stm32f7xx_hal_cortex.o
 .text.__NVIC_GetPriorityGrouping
                0x00000000080055f4       0x1c ./Drivers/STM32F7xx_HAL_Driver/Src/stm32f7xx_hal_cortex.o
 .text.__NVIC_SetPriority
                0x0000000008005610       0x54 ./Drivers/STM32F7xx_HAL_Driver/Src/stm32f7xx_hal_cortex.o
 .text.NVIC_EncodePriority
                0x0000000008005664       0x66 ./Drivers/STM32F7xx_HAL_Driver/Src/stm32f7xx_hal_cortex.o
 *fill*         0x00000000080056ca        0x2 
 .text.SysTick_Config
                0x00000000080056cc       0x44 ./Drivers/STM32F7xx_HAL_Driver/Src/stm32f7xx_hal_cortex.o
 .text.HAL_NVIC_SetPriorityGrouping
                0x0000000008005710       0x16 ./Drivers/STM32F7xx_HAL_Driver/Src/stm32f7xx_hal_cortex.o
                0x0000000008005710                HAL_NVIC_SetPriorityGrouping
 .text.HAL_NVIC_SetPriority
                0x0000000008005726       0x38 ./Drivers/STM32F7xx_HAL_Driver/Src/stm32f7xx_hal_cortex.o
                0x0000000008005726                HAL_NVIC_SetPriority
 .text.HAL_SYSTICK_Config
                0x000000000800575e       0x18 ./Drivers/STM32F7xx_HAL_Driver/Src/stm32f7xx_hal_cortex.o
                0x000000000800575e                HAL_SYSTICK_Config
 *fill*         0x0000000008005776        0x2 
 .text.HAL_GPIO_Init
                0x0000000008005778      0x358 ./Drivers/STM32F7xx_HAL_Driver/Src/stm32f7xx_hal_gpio.o
                0x0000000008005778                HAL_GPIO_Init
 .text.HAL_GPIO_WritePin
                0x0000000008005ad0       0x32 ./Drivers/STM32F7xx_HAL_Driver/Src/stm32f7xx_hal_gpio.o
                0x0000000008005ad0                HAL_GPIO_WritePin
 .text.HAL_PCD_Init
                0x0000000008005b02      0x248 ./Drivers/STM32F7xx_HAL_Driver/Src/stm32f7xx_hal_pcd.o
                0x0000000008005b02                HAL_PCD_Init
 *fill*         0x0000000008005d4a        0x2 
 .text.HAL_PCDEx_ActivateLPM
                0x0000000008005d4c       0x48 ./Drivers/STM32F7xx_HAL_Driver/Src/stm32f7xx_hal_pcd_ex.o
                0x0000000008005d4c                HAL_PCDEx_ActivateLPM
 .text.HAL_PWR_EnableBkUpAccess
                0x0000000008005d94       0x20 ./Drivers/STM32F7xx_HAL_Driver/Src/stm32f7xx_hal_pwr.o
                0x0000000008005d94                HAL_PWR_EnableBkUpAccess
 .text.HAL_PWREx_EnableOverDrive
                0x0000000008005db4       0xa0 ./Drivers/STM32F7xx_HAL_Driver/Src/stm32f7xx_hal_pwr_ex.o
                0x0000000008005db4                HAL_PWREx_EnableOverDrive
 .text.HAL_RCC_OscConfig
                0x0000000008005e54      0x55c ./Drivers/STM32F7xx_HAL_Driver/Src/stm32f7xx_hal_rcc.o
                0x0000000008005e54                HAL_RCC_OscConfig
 .text.HAL_RCC_ClockConfig
                0x00000000080063b0      0x1d8 ./Drivers/STM32F7xx_HAL_Driver/Src/stm32f7xx_hal_rcc.o
                0x00000000080063b0                HAL_RCC_ClockConfig
 .text.HAL_RCC_GetSysClockFreq
                0x0000000008006588      0x20c ./Drivers/STM32F7xx_HAL_Driver/Src/stm32f7xx_hal_rcc.o
                0x0000000008006588                HAL_RCC_GetSysClockFreq
 .text.HAL_RCC_GetHCLKFreq
                0x0000000008006794       0x18 ./Drivers/STM32F7xx_HAL_Driver/Src/stm32f7xx_hal_rcc.o
                0x0000000008006794                HAL_RCC_GetHCLKFreq
 .text.HAL_RCC_GetPCLK1Freq
                0x00000000080067ac       0x28 ./Drivers/STM32F7xx_HAL_Driver/Src/stm32f7xx_hal_rcc.o
                0x00000000080067ac                HAL_RCC_GetPCLK1Freq
 .text.HAL_RCC_GetPCLK2Freq
                0x00000000080067d4       0x28 ./Drivers/STM32F7xx_HAL_Driver/Src/stm32f7xx_hal_rcc.o
                0x00000000080067d4                HAL_RCC_GetPCLK2Freq
 .text.HAL_RCCEx_PeriphCLKConfig
                0x00000000080067fc      0x850 ./Drivers/STM32F7xx_HAL_Driver/Src/stm32f7xx_hal_rcc_ex.o
                0x00000000080067fc                HAL_RCCEx_PeriphCLKConfig
 .text.HAL_UART_Init
                0x000000000800704c       0x9c ./Drivers/STM32F7xx_HAL_Driver/Src/stm32f7xx_hal_uart.o
                0x000000000800704c                HAL_UART_Init
 .text.UART_SetConfig
                0x00000000080070e8      0x4c8 ./Drivers/STM32F7xx_HAL_Driver/Src/stm32f7xx_hal_uart.o
                0x00000000080070e8                UART_SetConfig
 .text.UART_AdvFeatureConfig
                0x00000000080075b0      0x144 ./Drivers/STM32F7xx_HAL_Driver/Src/stm32f7xx_hal_uart.o
                0x00000000080075b0                UART_AdvFeatureConfig
 .text.UART_CheckIdleState
                0x00000000080076f4       0x9a ./Drivers/STM32F7xx_HAL_Driver/Src/stm32f7xx_hal_uart.o
                0x00000000080076f4                UART_CheckIdleState
 .text.UART_WaitOnFlagUntilTimeout
                0x000000000800778e      0x18c ./Drivers/STM32F7xx_HAL_Driver/Src/stm32f7xx_hal_uart.o
                0x000000000800778e                UART_WaitOnFlagUntilTimeout
 *fill*         0x000000000800791a        0x2 
 .text.USB_CoreInit
                0x000000000800791c       0xb0 ./Drivers/STM32F7xx_HAL_Driver/Src/stm32f7xx_ll_usb.o
                0x000000000800791c                USB_CoreInit
 .text.USB_DisableGlobalInt
                0x00000000080079cc       0x22 ./Drivers/STM32F7xx_HAL_Driver/Src/stm32f7xx_ll_usb.o
                0x00000000080079cc                USB_DisableGlobalInt
 .text.USB_SetCurrentMode
                0x00000000080079ee       0x98 ./Drivers/STM32F7xx_HAL_Driver/Src/stm32f7xx_ll_usb.o
                0x00000000080079ee                USB_SetCurrentMode
 *fill*         0x0000000008007a86        0x2 
 .text.USB_DevInit
                0x0000000008007a88      0x2bc ./Drivers/STM32F7xx_HAL_Driver/Src/stm32f7xx_ll_usb.o
                0x0000000008007a88                USB_DevInit
 .text.USB_FlushTxFifo
                0x0000000008007d44       0x68 ./Drivers/STM32F7xx_HAL_Driver/Src/stm32f7xx_ll_usb.o
                0x0000000008007d44                USB_FlushTxFifo
 .text.USB_FlushRxFifo
                0x0000000008007dac       0x60 ./Drivers/STM32F7xx_HAL_Driver/Src/stm32f7xx_ll_usb.o
                0x0000000008007dac                USB_FlushRxFifo
 .text.USB_SetDevSpeed
                0x0000000008007e0c       0x32 ./Drivers/STM32F7xx_HAL_Driver/Src/stm32f7xx_ll_usb.o
                0x0000000008007e0c                USB_SetDevSpeed
 .text.USB_DevDisconnect
                0x0000000008007e3e       0x42 ./Drivers/STM32F7xx_HAL_Driver/Src/stm32f7xx_ll_usb.o
                0x0000000008007e3e                USB_DevDisconnect
 .text.USB_GetMode
                0x0000000008007e80       0x1c ./Drivers/STM32F7xx_HAL_Driver/Src/stm32f7xx_ll_usb.o
                0x0000000008007e80                USB_GetMode
 .text.USB_CoreReset
                0x0000000008007e9c       0x68 ./Drivers/STM32F7xx_HAL_Driver/Src/stm32f7xx_ll_usb.o
 .text.__errno  0x0000000008007f04        0xc /opt/st/stm32cubeide_1.12.1/plugins/com.st.stm32cube.ide.mcu.externaltools.gnu-tools-for-stm32.10.3-2021.10.linux64_1.0.200.202301161003/tools/bin/../lib/gcc/arm-none-eabi/10.3.1/../../../../arm-none-eabi/lib/thumb/v7e-m+dp/hard/libc_nano.a(lib_a-errno.o)
                0x0000000008007f04                __errno
 .text.__libc_init_array
                0x0000000008007f10       0x48 /opt/st/stm32cubeide_1.12.1/plugins/com.st.stm32cube.ide.mcu.externaltools.gnu-tools-for-stm32.10.3-2021.10.linux64_1.0.200.202301161003/tools/bin/../lib/gcc/arm-none-eabi/10.3.1/../../../../arm-none-eabi/lib/thumb/v7e-m+dp/hard/libc_nano.a(lib_a-init.o)
                0x0000000008007f10                __libc_init_array
 .text.memcpy   0x0000000008007f58       0x1c /opt/st/stm32cubeide_1.12.1/plugins/com.st.stm32cube.ide.mcu.externaltools.gnu-tools-for-stm32.10.3-2021.10.linux64_1.0.200.202301161003/tools/bin/../lib/gcc/arm-none-eabi/10.3.1/../../../../arm-none-eabi/lib/thumb/v7e-m+dp/hard/libc_nano.a(lib_a-memcpy-stub.o)
                0x0000000008007f58                memcpy
 .text.memset   0x0000000008007f74       0x10 /opt/st/stm32cubeide_1.12.1/plugins/com.st.stm32cube.ide.mcu.externaltools.gnu-tools-for-stm32.10.3-2021.10.linux64_1.0.200.202301161003/tools/bin/../lib/gcc/arm-none-eabi/10.3.1/../../../../arm-none-eabi/lib/thumb/v7e-m+dp/hard/libc_nano.a(lib_a-memset.o)
                0x0000000008007f74                memset
 .text.lrintf   0x0000000008007f84       0x80 /opt/st/stm32cubeide_1.12.1/plugins/com.st.stm32cube.ide.mcu.externaltools.gnu-tools-for-stm32.10.3-2021.10.linux64_1.0.200.202301161003/tools/bin/../lib/gcc/arm-none-eabi/10.3.1/../../../../arm-none-eabi/lib/thumb/v7e-m+dp/hard/libm.a(lib_a-sf_lrint.o)
                0x0000000008007f84                lrintf
 .text.checkint
                0x0000000008008004       0x2e /opt/st/stm32cubeide_1.12.1/plugins/com.st.stm32cube.ide.mcu.externaltools.gnu-tools-for-stm32.10.3-2021.10.linux64_1.0.200.202301161003/tools/bin/../lib/gcc/arm-none-eabi/10.3.1/../../../../arm-none-eabi/lib/thumb/v7e-m+dp/hard/libm.a(lib_a-sf_pow.o)
 *fill*         0x0000000008008032        0x6 
 .text.powf     0x0000000008008038      0x2c0 /opt/st/stm32cubeide_1.12.1/plugins/com.st.stm32cube.ide.mcu.externaltools.gnu-tools-for-stm32.10.3-2021.10.linux64_1.0.200.202301161003/tools/bin/../lib/gcc/arm-none-eabi/10.3.1/../../../../arm-none-eabi/lib/thumb/v7e-m+dp/hard/libm.a(lib_a-sf_pow.o)
                0x0000000008008038                powf
 .text.sqrtf    0x00000000080082f8       0x3c /opt/st/stm32cubeide_1.12.1/plugins/com.st.stm32cube.ide.mcu.externaltools.gnu-tools-for-stm32.10.3-2021.10.linux64_1.0.200.202301161003/tools/bin/../lib/gcc/arm-none-eabi/10.3.1/../../../../arm-none-eabi/lib/thumb/v7e-m+dp/hard/libm.a(lib_a-wf_sqrt.o)
                0x00000000080082f8                sqrtf
 .text.__ieee754_sqrtf
                0x0000000008008334        0x6 /opt/st/stm32cubeide_1.12.1/plugins/com.st.stm32cube.ide.mcu.externaltools.gnu-tools-for-stm32.10.3-2021.10.linux64_1.0.200.202301161003/tools/bin/../lib/gcc/arm-none-eabi/10.3.1/../../../../arm-none-eabi/lib/thumb/v7e-m+dp/hard/libm.a(lib_a-ef_sqrt.o)
                0x0000000008008334                __ieee754_sqrtf
 .text.with_errnof
                0x000000000800833a       0x16 /opt/st/stm32cubeide_1.12.1/plugins/com.st.stm32cube.ide.mcu.externaltools.gnu-tools-for-stm32.10.3-2021.10.linux64_1.0.200.202301161003/tools/bin/../lib/gcc/arm-none-eabi/10.3.1/../../../../arm-none-eabi/lib/thumb/v7e-m+dp/hard/libm.a(lib_a-math_errf.o)
 .text.xflowf   0x0000000008008350       0x16 /opt/st/stm32cubeide_1.12.1/plugins/com.st.stm32cube.ide.mcu.externaltools.gnu-tools-for-stm32.10.3-2021.10.linux64_1.0.200.202301161003/tools/bin/../lib/gcc/arm-none-eabi/10.3.1/../../../../arm-none-eabi/lib/thumb/v7e-m+dp/hard/libm.a(lib_a-math_errf.o)
 *fill*         0x0000000008008366        0x2 
 .text.__math_uflowf
                0x0000000008008368        0xc /opt/st/stm32cubeide_1.12.1/plugins/com.st.stm32cube.ide.mcu.externaltools.gnu-tools-for-stm32.10.3-2021.10.linux64_1.0.200.202301161003/tools/bin/../lib/gcc/arm-none-eabi/10.3.1/../../../../arm-none-eabi/lib/thumb/v7e-m+dp/hard/libm.a(lib_a-math_errf.o)
                0x0000000008008368                __math_uflowf
 .text.__math_may_uflowf
                0x0000000008008374        0xc /opt/st/stm32cubeide_1.12.1/plugins/com.st.stm32cube.ide.mcu.externaltools.gnu-tools-for-stm32.10.3-2021.10.linux64_1.0.200.202301161003/tools/bin/../lib/gcc/arm-none-eabi/10.3.1/../../../../arm-none-eabi/lib/thumb/v7e-m+dp/hard/libm.a(lib_a-math_errf.o)
                0x0000000008008374                __math_may_uflowf
 .text.__math_oflowf
                0x0000000008008380        0xc /opt/st/stm32cubeide_1.12.1/plugins/com.st.stm32cube.ide.mcu.externaltools.gnu-tools-for-stm32.10.3-2021.10.linux64_1.0.200.202301161003/tools/bin/../lib/gcc/arm-none-eabi/10.3.1/../../../../arm-none-eabi/lib/thumb/v7e-m+dp/hard/libm.a(lib_a-math_errf.o)
                0x0000000008008380                __math_oflowf
 .text.__math_divzerof
                0x000000000800838c       0x20 /opt/st/stm32cubeide_1.12.1/plugins/com.st.stm32cube.ide.mcu.externaltools.gnu-tools-for-stm32.10.3-2021.10.linux64_1.0.200.202301161003/tools/bin/../lib/gcc/arm-none-eabi/10.3.1/../../../../arm-none-eabi/lib/thumb/v7e-m+dp/hard/libm.a(lib_a-math_errf.o)
                0x000000000800838c                __math_divzerof
 .text.__math_invalidf
                0x00000000080083ac       0x1e /opt/st/stm32cubeide_1.12.1/plugins/com.st.stm32cube.ide.mcu.externaltools.gnu-tools-for-stm32.10.3-2021.10.linux64_1.0.200.202301161003/tools/bin/../lib/gcc/arm-none-eabi/10.3.1/../../../../arm-none-eabi/lib/thumb/v7e-m+dp/hard/libm.a(lib_a-math_errf.o)
                0x00000000080083ac                __math_invalidf
 *(.glue_7)
 .glue_7        0x00000000080083ca        0x0 linker stubs
 *(.glue_7t)
 .glue_7t       0x00000000080083ca        0x0 linker stubs
 *(.eh_frame)
 *fill*         0x00000000080083ca        0x2 
 .eh_frame      0x00000000080083cc        0x0 /opt/st/stm32cubeide_1.12.1/plugins/com.st.stm32cube.ide.mcu.externaltools.gnu-tools-for-stm32.10.3-2021.10.linux64_1.0.200.202301161003/tools/bin/../lib/gcc/arm-none-eabi/10.3.1/thumb/v7e-m+dp/hard/crtbegin.o
 *(.init)
 .init          0x00000000080083cc        0x4 /opt/st/stm32cubeide_1.12.1/plugins/com.st.stm32cube.ide.mcu.externaltools.gnu-tools-for-stm32.10.3-2021.10.linux64_1.0.200.202301161003/tools/bin/../lib/gcc/arm-none-eabi/10.3.1/thumb/v7e-m+dp/hard/crti.o
                0x00000000080083cc                _init
 .init          0x00000000080083d0        0x8 /opt/st/stm32cubeide_1.12.1/plugins/com.st.stm32cube.ide.mcu.externaltools.gnu-tools-for-stm32.10.3-2021.10.linux64_1.0.200.202301161003/tools/bin/../lib/gcc/arm-none-eabi/10.3.1/thumb/v7e-m+dp/hard/crtn.o
 *(.fini)
 .fini          0x00000000080083d8        0x4 /opt/st/stm32cubeide_1.12.1/plugins/com.st.stm32cube.ide.mcu.externaltools.gnu-tools-for-stm32.10.3-2021.10.linux64_1.0.200.202301161003/tools/bin/../lib/gcc/arm-none-eabi/10.3.1/thumb/v7e-m+dp/hard/crti.o
                0x00000000080083d8                _fini
 .fini          0x00000000080083dc        0x8 /opt/st/stm32cubeide_1.12.1/plugins/com.st.stm32cube.ide.mcu.externaltools.gnu-tools-for-stm32.10.3-2021.10.linux64_1.0.200.202301161003/tools/bin/../lib/gcc/arm-none-eabi/10.3.1/thumb/v7e-m+dp/hard/crtn.o
                0x00000000080083e4                . = ALIGN (0x4)
                0x00000000080083e4                _etext = .

.vfp11_veneer   0x00000000080083e4        0x0
 .vfp11_veneer  0x00000000080083e4        0x0 linker stubs

.v4_bx          0x00000000080083e4        0x0
 .v4_bx         0x00000000080083e4        0x0 linker stubs

.iplt           0x00000000080083e4        0x0
 .iplt          0x00000000080083e4        0x0 /opt/st/stm32cubeide_1.12.1/plugins/com.st.stm32cube.ide.mcu.externaltools.gnu-tools-for-stm32.10.3-2021.10.linux64_1.0.200.202301161003/tools/bin/../lib/gcc/arm-none-eabi/10.3.1/thumb/v7e-m+dp/hard/crtbegin.o

.rodata         0x00000000080083e8      0x328
                0x00000000080083e8                . = ALIGN (0x4)
 *(.rodata)
 *(.rodata*)
 .rodata._reset_template_235.6
                0x00000000080083e8       0x94 ./Core/Src/pid.o
 .rodata.AHBPrescTable
                0x000000000800847c       0x10 ./Core/Src/system_stm32f7xx.o
                0x000000000800847c                AHBPrescTable
 .rodata.APBPrescTable
                0x000000000800848c        0x8 ./Core/Src/system_stm32f7xx.o
                0x000000000800848c                APBPrescTable
 .rodata.TWO23  0x0000000008008494        0x8 /opt/st/stm32cubeide_1.12.1/plugins/com.st.stm32cube.ide.mcu.externaltools.gnu-tools-for-stm32.10.3-2021.10.linux64_1.0.200.202301161003/tools/bin/../lib/gcc/arm-none-eabi/10.3.1/../../../../arm-none-eabi/lib/thumb/v7e-m+dp/hard/libm.a(lib_a-sf_lrint.o)
 *fill*         0x000000000800849c        0x4 
 .rodata.__powf_log2_data
                0x00000000080084a0      0x128 /opt/st/stm32cubeide_1.12.1/plugins/com.st.stm32cube.ide.mcu.externaltools.gnu-tools-for-stm32.10.3-2021.10.linux64_1.0.200.202301161003/tools/bin/../lib/gcc/arm-none-eabi/10.3.1/../../../../arm-none-eabi/lib/thumb/v7e-m+dp/hard/libm.a(lib_a-sf_pow_log2_data.o)
                0x00000000080084a0                __powf_log2_data
 .rodata.__exp2f_data
                0x00000000080085c8      0x148 /opt/st/stm32cubeide_1.12.1/plugins/com.st.stm32cube.ide.mcu.externaltools.gnu-tools-for-stm32.10.3-2021.10.linux64_1.0.200.202301161003/tools/bin/../lib/gcc/arm-none-eabi/10.3.1/../../../../arm-none-eabi/lib/thumb/v7e-m+dp/hard/libm.a(lib_a-sf_exp2_data.o)
                0x00000000080085c8                __exp2f_data
                0x0000000008008710                . = ALIGN (0x4)

.ARM.extab      0x0000000008008710        0x0
                0x0000000008008710                . = ALIGN (0x4)
 *(.ARM.extab* .gnu.linkonce.armextab.*)
                0x0000000008008710                . = ALIGN (0x4)

.ARM            0x0000000008008710        0x8
                0x0000000008008710                . = ALIGN (0x4)
                0x0000000008008710                __exidx_start = .
 *(.ARM.exidx*)
 .ARM.exidx     0x0000000008008710        0x8 /opt/st/stm32cubeide_1.12.1/plugins/com.st.stm32cube.ide.mcu.externaltools.gnu-tools-for-stm32.10.3-2021.10.linux64_1.0.200.202301161003/tools/bin/../lib/gcc/arm-none-eabi/10.3.1/thumb/v7e-m+dp/hard/libgcc.a(_udivmoddi4.o)
                0x0000000008008718                __exidx_end = .
                0x0000000008008718                . = ALIGN (0x4)

.rel.dyn        0x0000000008008718        0x0
 .rel.iplt      0x0000000008008718        0x0 /opt/st/stm32cubeide_1.12.1/plugins/com.st.stm32cube.ide.mcu.externaltools.gnu-tools-for-stm32.10.3-2021.10.linux64_1.0.200.202301161003/tools/bin/../lib/gcc/arm-none-eabi/10.3.1/thumb/v7e-m+dp/hard/crtbegin.o

.preinit_array  0x0000000008008718        0x0
                0x0000000008008718                . = ALIGN (0x4)
                0x0000000008008718                PROVIDE (__preinit_array_start = .)
 *(.preinit_array*)
                0x0000000008008718                PROVIDE (__preinit_array_end = .)
                0x0000000008008718                . = ALIGN (0x4)

.init_array     0x0000000008008718        0x4
                0x0000000008008718                . = ALIGN (0x4)
                0x0000000008008718                PROVIDE (__init_array_start = .)
 *(SORT_BY_NAME(.init_array.*))
 *(.init_array*)
 .init_array    0x0000000008008718        0x4 /opt/st/stm32cubeide_1.12.1/plugins/com.st.stm32cube.ide.mcu.externaltools.gnu-tools-for-stm32.10.3-2021.10.linux64_1.0.200.202301161003/tools/bin/../lib/gcc/arm-none-eabi/10.3.1/thumb/v7e-m+dp/hard/crtbegin.o
                0x000000000800871c                PROVIDE (__init_array_end = .)
                0x000000000800871c                . = ALIGN (0x4)

.fini_array     0x000000000800871c        0x4
                0x000000000800871c                . = ALIGN (0x4)
                [!provide]                        PROVIDE (__fini_array_start = .)
 *(SORT_BY_NAME(.fini_array.*))
 *(.fini_array*)
 .fini_array    0x000000000800871c        0x4 /opt/st/stm32cubeide_1.12.1/plugins/com.st.stm32cube.ide.mcu.externaltools.gnu-tools-for-stm32.10.3-2021.10.linux64_1.0.200.202301161003/tools/bin/../lib/gcc/arm-none-eabi/10.3.1/thumb/v7e-m+dp/hard/crtbegin.o
                [!provide]                        PROVIDE (__fini_array_end = .)
                0x0000000008008720                . = ALIGN (0x4)
                0x0000000008008720                _sidata = LOADADDR (.data)

.data           0x0000000020000000       0xc8 load address 0x0000000008008720
                0x0000000020000000                . = ALIGN (0x4)
                0x0000000020000000                _sdata = .
 *(.data)
 *(.data*)
 .data.activePidLoopDenom
                0x0000000020000000        0x1 ./Core/Src/gyro.o
                0x0000000020000000                activePidLoopDenom
 .data.canUseGPSHeading
                0x0000000020000001        0x1 ./Core/Src/imu.o
 *fill*         0x0000000020000002        0x2 
 .data.q        0x0000000020000004       0x10 ./Core/Src/imu.o
 .data.qP       0x0000000020000014       0x28 ./Core/Src/imu.o
 .data.currentPidProfile
                0x000000002000003c        0x4 ./Core/Src/pid.o
                0x000000002000003c                currentPidProfile
 .data.rcCommandDivider
                0x0000000020000040        0x4 ./Core/Src/pid.o
 .data.rcCommandYawDivider
                0x0000000020000044        0x4 ./Core/Src/pid.o
 .data.currentRxRefreshRate
                0x0000000020000048        0x2 ./Core/Src/pid.o
 *fill*         0x000000002000004a        0x2 
 .data.currentControlRateProfile
                0x000000002000004c        0x4 ./Core/Src/pid.o
 .data.applyRates
                0x0000000020000050        0x4 ./Core/Src/pid.o
 .data.cosFactor.1
                0x0000000020000054        0x4 ./Core/Src/pid.o
 .data.SystemCoreClock
                0x0000000020000058        0x4 ./Core/Src/system_stm32f7xx.o
                0x0000000020000058                SystemCoreClock
 .data.uwTickPrio
                0x000000002000005c        0x4 ./Drivers/STM32F7xx_HAL_Driver/Src/stm32f7xx_hal.o
                0x000000002000005c                uwTickPrio
 .data.uwTickFreq
                0x0000000020000060        0x1 ./Drivers/STM32F7xx_HAL_Driver/Src/stm32f7xx_hal.o
                0x0000000020000060                uwTickFreq
 *fill*         0x0000000020000061        0x3 
 .data._impure_ptr
                0x0000000020000064        0x4 /opt/st/stm32cubeide_1.12.1/plugins/com.st.stm32cube.ide.mcu.externaltools.gnu-tools-for-stm32.10.3-2021.10.linux64_1.0.200.202301161003/tools/bin/../lib/gcc/arm-none-eabi/10.3.1/../../../../arm-none-eabi/lib/thumb/v7e-m+dp/hard/libc_nano.a(lib_a-impure.o)
                0x0000000020000064                _impure_ptr
 .data.impure_data
                0x0000000020000068       0x60 /opt/st/stm32cubeide_1.12.1/plugins/com.st.stm32cube.ide.mcu.externaltools.gnu-tools-for-stm32.10.3-2021.10.linux64_1.0.200.202301161003/tools/bin/../lib/gcc/arm-none-eabi/10.3.1/../../../../arm-none-eabi/lib/thumb/v7e-m+dp/hard/libc_nano.a(lib_a-impure.o)
 *(.RamFunc)
 *(.RamFunc*)
                0x00000000200000c8                . = ALIGN (0x4)
                0x00000000200000c8                _edata = .

.igot.plt       0x00000000200000c8        0x0 load address 0x00000000080087e8
 .igot.plt      0x00000000200000c8        0x0 /opt/st/stm32cubeide_1.12.1/plugins/com.st.stm32cube.ide.mcu.externaltools.gnu-tools-for-stm32.10.3-2021.10.linux64_1.0.200.202301161003/tools/bin/../lib/gcc/arm-none-eabi/10.3.1/thumb/v7e-m+dp/hard/crtbegin.o
                0x00000000200000c8                . = ALIGN (0x4)

.bss            0x00000000200000c8     0x10ac load address 0x00000000080087e8
                0x00000000200000c8                _sbss = .
                0x00000000200000c8                __bss_start__ = _sbss
 *(.bss)
 .bss           0x00000000200000c8       0x1c /opt/st/stm32cubeide_1.12.1/plugins/com.st.stm32cube.ide.mcu.externaltools.gnu-tools-for-stm32.10.3-2021.10.linux64_1.0.200.202301161003/tools/bin/../lib/gcc/arm-none-eabi/10.3.1/thumb/v7e-m+dp/hard/crtbegin.o
 *(.bss*)
 .bss.acc       0x00000000200000e4       0x58 ./Core/Src/accel.o
                0x00000000200000e4                acc
 .bss.accelerationRuntime
                0x000000002000013c       0x94 ./Core/Src/accel.o
                0x000000002000013c                accelerationRuntime
 .bss.accelerometerConfig
                0x00000000200001d0       0x10 ./Core/Src/accel.o
                0x00000000200001d0                accelerometerConfig
 .bss.i2cBus.0  0x00000000200001e0       0xa0 ./Core/Src/comm.o
 .bss.gyro      0x0000000020000280      0x380 ./Core/Src/gyro.o
                0x0000000020000280                gyro
 .bss.accumulatedMeasurements
                0x0000000020000600        0xc ./Core/Src/gyro.o
 .bss.gyroPrevious
                0x000000002000060c        0xc ./Core/Src/gyro.o
 .bss.accumulatedMeasurementCount
                0x0000000020000618        0x4 ./Core/Src/gyro.o
 .bss.gyroBuf1.0
                0x000000002000061c       0x20 ./Core/Src/gyro.o
 .bss.attitude  0x000000002000063c        0x6 ./Core/Src/imu.o
 .bss.attitudeIsEstablished
                0x0000000020000642        0x1 ./Core/Src/imu.o
 *fill*         0x0000000020000643        0x1 
 .bss.imuRuntimeConfig
                0x0000000020000644        0x8 ./Core/Src/imu.o
 .bss.rMat      0x000000002000064c       0x24 ./Core/Src/imu.o
 .bss.accAverage
                0x0000000020000670        0xc ./Core/Src/imu.o
 .bss.throttleAngleScale
                0x000000002000067c        0x4 ./Core/Src/imu.o
 .bss.throttleAngleValue
                0x0000000020000680        0x4 ./Core/Src/imu.o
 .bss.fc_acc    0x0000000020000684        0x4 ./Core/Src/imu.o
 .bss.smallAngleCosZ
                0x0000000020000688        0x4 ./Core/Src/imu.o
 .bss.integralFBx.7
                0x000000002000068c        0x4 ./Core/Src/imu.o
 .bss.integralFBy.6
                0x0000000020000690        0x4 ./Core/Src/imu.o
 .bss.integralFBz.5
                0x0000000020000694        0x4 ./Core/Src/imu.o
 .bss.lastArmState.4
                0x0000000020000698        0x1 ./Core/Src/imu.o
 *fill*         0x0000000020000699        0x3 
 .bss.attitudeResetTimeEnd.3
                0x000000002000069c        0x4 ./Core/Src/imu.o
 .bss.gyroQuietPeriodTimeEnd.2
                0x00000000200006a0        0x4 ./Core/Src/imu.o
 .bss.attitudeResetCompleted.1
                0x00000000200006a4        0x1 ./Core/Src/imu.o
 *fill*         0x00000000200006a5        0x3 
 .bss.previousIMUUpdateTime.0
                0x00000000200006a8        0x4 ./Core/Src/imu.o
 .bss.mag       0x00000000200006ac        0xc ./Core/Src/mag.o
                0x00000000200006ac                mag
 .bss.magDev    0x00000000200006b8       0xe4 ./Core/Src/mag.o
                0x00000000200006b8                magDev
 .bss.magADCRaw
                0x000000002000079c        0x6 ./Core/Src/mag.o
 .bss.doneInit  0x00000000200007a2        0x1 ./Core/Src/mag.o
 *fill*         0x00000000200007a3        0x1 
 .bss.compassConfig
                0x00000000200007a4       0x16 ./Core/Src/mag.o
 *fill*         0x00000000200007ba        0x2 
 .bss.huart3    0x00000000200007bc       0x88 ./Core/Src/main.o
                0x00000000200007bc                huart3
 .bss.hpcd_USB_OTG_FS
                0x0000000020000844      0x508 ./Core/Src/main.o
                0x0000000020000844                hpcd_USB_OTG_FS
 .bss.pidUpdateCounter
                0x0000000020000d4c        0x1 ./Core/Src/pid.o
                0x0000000020000d4c                pidUpdateCounter
 *fill*         0x0000000020000d4d        0x3 
 .bss.pidProfile
                0x0000000020000d50       0x94 ./Core/Src/pid.o
 .bss.pidRuntime
                0x0000000020000de4      0x24c ./Core/Src/pid.o
 .bss.targetPidLooptime
                0x0000000020001030        0x4 ./Core/Src/pid.o
 .bss.rawSetpoint
                0x0000000020001034        0xc ./Core/Src/pid.o
 .bss.pidData   0x0000000020001040       0x3c ./Core/Src/pid.o
 .bss.motorMixRange
                0x000000002000107c        0x4 ./Core/Src/pid.o
 .bss.rcCommand
                0x0000000020001080       0x10 ./Core/Src/pid.o
 .bss.rcData    0x0000000020001090       0x48 ./Core/Src/pid.o
 .bss.setpointRate
                0x00000000200010d8        0xc ./Core/Src/pid.o
 .bss.rcDeflection
                0x00000000200010e4        0xc ./Core/Src/pid.o
 .bss.rcDeflectionAbs
                0x00000000200010f0        0xc ./Core/Src/pid.o
 .bss.isRxDataNew
                0x00000000200010fc        0x1 ./Core/Src/pid.o
 .bss.newRxDataForFF
                0x00000000200010fd        0x1 ./Core/Src/pid.o
 *fill*         0x00000000200010fe        0x2 
 .bss.controlRateProfile
                0x0000000020001100       0x26 ./Core/Src/pid.o
 *fill*         0x0000000020001126        0x2 
 .bss.previousSetpoint.5
                0x0000000020001128        0xc ./Core/Src/pid.o
 .bss.previousGyroRateDterm.4
                0x0000000020001134        0xc ./Core/Src/pid.o
 .bss.index.3   0x0000000020001140        0x4 ./Core/Src/pid.o
 .bss.rcCommandThrottlePrevious.2
                0x0000000020001144       0x28 ./Core/Src/pid.o
 .bss.sinFactor.0
                0x000000002000116c        0x4 ./Core/Src/pid.o
 .bss.uwTick    0x0000000020001170        0x4 ./Drivers/STM32F7xx_HAL_Driver/Src/stm32f7xx_hal.o
                0x0000000020001170                uwTick
 *(COMMON)
                0x0000000020001174                . = ALIGN (0x4)
                0x0000000020001174                _ebss = .
                0x0000000020001174                __bss_end__ = _ebss

._user_heap_stack
                0x0000000020001174      0x604 load address 0x00000000080087e8
                0x0000000020001178                . = ALIGN (0x8)
 *fill*         0x0000000020001174        0x4 
                [!provide]                        PROVIDE (end = .)
                0x0000000020001178                PROVIDE (_end = .)
                0x0000000020001378                . = (. + _Min_Heap_Size)
 *fill*         0x0000000020001178      0x200 
                0x0000000020001778                . = (. + _Min_Stack_Size)
 *fill*         0x0000000020001378      0x400 
                0x0000000020001778                . = ALIGN (0x8)

/DISCARD/
 libc.a(*)
 libm.a(*)
 libgcc.a(*)

.ARM.attributes
                0x0000000000000000       0x2e
 *(.ARM.attributes)
 .ARM.attributes
                0x0000000000000000       0x1e /opt/st/stm32cubeide_1.12.1/plugins/com.st.stm32cube.ide.mcu.externaltools.gnu-tools-for-stm32.10.3-2021.10.linux64_1.0.200.202301161003/tools/bin/../lib/gcc/arm-none-eabi/10.3.1/thumb/v7e-m+dp/hard/crti.o
 .ARM.attributes
                0x000000000000001e       0x32 /opt/st/stm32cubeide_1.12.1/plugins/com.st.stm32cube.ide.mcu.externaltools.gnu-tools-for-stm32.10.3-2021.10.linux64_1.0.200.202301161003/tools/bin/../lib/gcc/arm-none-eabi/10.3.1/thumb/v7e-m+dp/hard/crtbegin.o
 .ARM.attributes
                0x0000000000000050       0x32 ./Core/Src/accel.o
 .ARM.attributes
                0x0000000000000082       0x32 ./Core/Src/attitude.o
 .ARM.attributes
                0x00000000000000b4       0x32 ./Core/Src/comm.o
 .ARM.attributes
                0x00000000000000e6       0x32 ./Core/Src/control_motor.o
 .ARM.attributes
                0x0000000000000118       0x32 ./Core/Src/filter.o
 .ARM.attributes
                0x000000000000014a       0x32 ./Core/Src/flight_math.o
 .ARM.attributes
                0x000000000000017c       0x32 ./Core/Src/gyro.o
 .ARM.attributes
                0x00000000000001ae       0x32 ./Core/Src/imu.o
 .ARM.attributes
                0x00000000000001e0       0x32 ./Core/Src/mag.o
 .ARM.attributes
                0x0000000000000212       0x32 ./Core/Src/main.o
 .ARM.attributes
                0x0000000000000244       0x32 ./Core/Src/pid.o
 .ARM.attributes
                0x0000000000000276       0x32 ./Core/Src/sensor_align.o
 .ARM.attributes
                0x00000000000002a8       0x32 ./Core/Src/sensors.o
 .ARM.attributes
                0x00000000000002da       0x32 ./Core/Src/stm32f7xx_hal_msp.o
 .ARM.attributes
                0x000000000000030c       0x32 ./Core/Src/stm32f7xx_it.o
 .ARM.attributes
                0x000000000000033e       0x32 ./Core/Src/system_stm32f7xx.o
 .ARM.attributes
                0x0000000000000370       0x21 ./Core/Startup/startup_stm32f767zitx.o
 .ARM.attributes
                0x0000000000000391       0x32 ./Drivers/STM32F7xx_HAL_Driver/Src/stm32f7xx_hal.o
 .ARM.attributes
                0x00000000000003c3       0x32 ./Drivers/STM32F7xx_HAL_Driver/Src/stm32f7xx_hal_cortex.o
 .ARM.attributes
                0x00000000000003f5       0x32 ./Drivers/STM32F7xx_HAL_Driver/Src/stm32f7xx_hal_gpio.o
 .ARM.attributes
                0x0000000000000427       0x32 ./Drivers/STM32F7xx_HAL_Driver/Src/stm32f7xx_hal_pcd.o
 .ARM.attributes
                0x0000000000000459       0x32 ./Drivers/STM32F7xx_HAL_Driver/Src/stm32f7xx_hal_pcd_ex.o
 .ARM.attributes
                0x000000000000048b       0x32 ./Drivers/STM32F7xx_HAL_Driver/Src/stm32f7xx_hal_pwr.o
 .ARM.attributes
                0x00000000000004bd       0x32 ./Drivers/STM32F7xx_HAL_Driver/Src/stm32f7xx_hal_pwr_ex.o
 .ARM.attributes
                0x00000000000004ef       0x32 ./Drivers/STM32F7xx_HAL_Driver/Src/stm32f7xx_hal_rcc.o
 .ARM.attributes
                0x0000000000000521       0x32 ./Drivers/STM32F7xx_HAL_Driver/Src/stm32f7xx_hal_rcc_ex.o
 .ARM.attributes
                0x0000000000000553       0x32 ./Drivers/STM32F7xx_HAL_Driver/Src/stm32f7xx_hal_uart.o
 .ARM.attributes
                0x0000000000000585       0x32 ./Drivers/STM32F7xx_HAL_Driver/Src/stm32f7xx_ll_usb.o
 .ARM.attributes
                0x00000000000005b7       0x32 /opt/st/stm32cubeide_1.12.1/plugins/com.st.stm32cube.ide.mcu.externaltools.gnu-tools-for-stm32.10.3-2021.10.linux64_1.0.200.202301161003/tools/bin/../lib/gcc/arm-none-eabi/10.3.1/../../../../arm-none-eabi/lib/thumb/v7e-m+dp/hard/libc_nano.a(lib_a-errno.o)
 .ARM.attributes
                0x00000000000005e9       0x32 /opt/st/stm32cubeide_1.12.1/plugins/com.st.stm32cube.ide.mcu.externaltools.gnu-tools-for-stm32.10.3-2021.10.linux64_1.0.200.202301161003/tools/bin/../lib/gcc/arm-none-eabi/10.3.1/../../../../arm-none-eabi/lib/thumb/v7e-m+dp/hard/libc_nano.a(lib_a-impure.o)
 .ARM.attributes
                0x000000000000061b       0x32 /opt/st/stm32cubeide_1.12.1/plugins/com.st.stm32cube.ide.mcu.externaltools.gnu-tools-for-stm32.10.3-2021.10.linux64_1.0.200.202301161003/tools/bin/../lib/gcc/arm-none-eabi/10.3.1/../../../../arm-none-eabi/lib/thumb/v7e-m+dp/hard/libc_nano.a(lib_a-init.o)
 .ARM.attributes
                0x000000000000064d       0x32 /opt/st/stm32cubeide_1.12.1/plugins/com.st.stm32cube.ide.mcu.externaltools.gnu-tools-for-stm32.10.3-2021.10.linux64_1.0.200.202301161003/tools/bin/../lib/gcc/arm-none-eabi/10.3.1/../../../../arm-none-eabi/lib/thumb/v7e-m+dp/hard/libc_nano.a(lib_a-memcpy-stub.o)
 .ARM.attributes
                0x000000000000067f       0x32 /opt/st/stm32cubeide_1.12.1/plugins/com.st.stm32cube.ide.mcu.externaltools.gnu-tools-for-stm32.10.3-2021.10.linux64_1.0.200.202301161003/tools/bin/../lib/gcc/arm-none-eabi/10.3.1/../../../../arm-none-eabi/lib/thumb/v7e-m+dp/hard/libc_nano.a(lib_a-memset.o)
 .ARM.attributes
                0x00000000000006b1       0x32 /opt/st/stm32cubeide_1.12.1/plugins/com.st.stm32cube.ide.mcu.externaltools.gnu-tools-for-stm32.10.3-2021.10.linux64_1.0.200.202301161003/tools/bin/../lib/gcc/arm-none-eabi/10.3.1/../../../../arm-none-eabi/lib/thumb/v7e-m+dp/hard/libm.a(lib_a-sf_lrint.o)
 .ARM.attributes
                0x00000000000006e3       0x32 /opt/st/stm32cubeide_1.12.1/plugins/com.st.stm32cube.ide.mcu.externaltools.gnu-tools-for-stm32.10.3-2021.10.linux64_1.0.200.202301161003/tools/bin/../lib/gcc/arm-none-eabi/10.3.1/../../../../arm-none-eabi/lib/thumb/v7e-m+dp/hard/libm.a(lib_a-sf_pow.o)
 .ARM.attributes
                0x0000000000000715       0x32 /opt/st/stm32cubeide_1.12.1/plugins/com.st.stm32cube.ide.mcu.externaltools.gnu-tools-for-stm32.10.3-2021.10.linux64_1.0.200.202301161003/tools/bin/../lib/gcc/arm-none-eabi/10.3.1/../../../../arm-none-eabi/lib/thumb/v7e-m+dp/hard/libm.a(lib_a-sf_pow_log2_data.o)
 .ARM.attributes
                0x0000000000000747       0x32 /opt/st/stm32cubeide_1.12.1/plugins/com.st.stm32cube.ide.mcu.externaltools.gnu-tools-for-stm32.10.3-2021.10.linux64_1.0.200.202301161003/tools/bin/../lib/gcc/arm-none-eabi/10.3.1/../../../../arm-none-eabi/lib/thumb/v7e-m+dp/hard/libm.a(lib_a-wf_sqrt.o)
 .ARM.attributes
                0x0000000000000779       0x32 /opt/st/stm32cubeide_1.12.1/plugins/com.st.stm32cube.ide.mcu.externaltools.gnu-tools-for-stm32.10.3-2021.10.linux64_1.0.200.202301161003/tools/bin/../lib/gcc/arm-none-eabi/10.3.1/../../../../arm-none-eabi/lib/thumb/v7e-m+dp/hard/libm.a(lib_a-ef_sqrt.o)
 .ARM.attributes
                0x00000000000007ab       0x32 /opt/st/stm32cubeide_1.12.1/plugins/com.st.stm32cube.ide.mcu.externaltools.gnu-tools-for-stm32.10.3-2021.10.linux64_1.0.200.202301161003/tools/bin/../lib/gcc/arm-none-eabi/10.3.1/../../../../arm-none-eabi/lib/thumb/v7e-m+dp/hard/libm.a(lib_a-math_errf.o)
 .ARM.attributes
                0x00000000000007dd       0x32 /opt/st/stm32cubeide_1.12.1/plugins/com.st.stm32cube.ide.mcu.externaltools.gnu-tools-for-stm32.10.3-2021.10.linux64_1.0.200.202301161003/tools/bin/../lib/gcc/arm-none-eabi/10.3.1/../../../../arm-none-eabi/lib/thumb/v7e-m+dp/hard/libm.a(lib_a-sf_exp2_data.o)
 .ARM.attributes
                0x000000000000080f       0x1e /opt/st/stm32cubeide_1.12.1/plugins/com.st.stm32cube.ide.mcu.externaltools.gnu-tools-for-stm32.10.3-2021.10.linux64_1.0.200.202301161003/tools/bin/../lib/gcc/arm-none-eabi/10.3.1/thumb/v7e-m+dp/hard/libgcc.a(_aeabi_uldivmod.o)
 .ARM.attributes
                0x000000000000082d       0x32 /opt/st/stm32cubeide_1.12.1/plugins/com.st.stm32cube.ide.mcu.externaltools.gnu-tools-for-stm32.10.3-2021.10.linux64_1.0.200.202301161003/tools/bin/../lib/gcc/arm-none-eabi/10.3.1/thumb/v7e-m+dp/hard/libgcc.a(_udivmoddi4.o)
 .ARM.attributes
                0x000000000000085f       0x1e /opt/st/stm32cubeide_1.12.1/plugins/com.st.stm32cube.ide.mcu.externaltools.gnu-tools-for-stm32.10.3-2021.10.linux64_1.0.200.202301161003/tools/bin/../lib/gcc/arm-none-eabi/10.3.1/thumb/v7e-m+dp/hard/libgcc.a(_dvmd_tls.o)
 .ARM.attributes
                0x000000000000087d       0x1e /opt/st/stm32cubeide_1.12.1/plugins/com.st.stm32cube.ide.mcu.externaltools.gnu-tools-for-stm32.10.3-2021.10.linux64_1.0.200.202301161003/tools/bin/../lib/gcc/arm-none-eabi/10.3.1/thumb/v7e-m+dp/hard/crtn.o
OUTPUT(drone.elf elf32-littlearm)
LOAD linker stubs
LOAD /opt/st/stm32cubeide_1.12.1/plugins/com.st.stm32cube.ide.mcu.externaltools.gnu-tools-for-stm32.10.3-2021.10.linux64_1.0.200.202301161003/tools/bin/../lib/gcc/arm-none-eabi/10.3.1/../../../../arm-none-eabi/lib/thumb/v7e-m+dp/hard/libc.a
LOAD /opt/st/stm32cubeide_1.12.1/plugins/com.st.stm32cube.ide.mcu.externaltools.gnu-tools-for-stm32.10.3-2021.10.linux64_1.0.200.202301161003/tools/bin/../lib/gcc/arm-none-eabi/10.3.1/../../../../arm-none-eabi/lib/thumb/v7e-m+dp/hard/libm.a
LOAD /opt/st/stm32cubeide_1.12.1/plugins/com.st.stm32cube.ide.mcu.externaltools.gnu-tools-for-stm32.10.3-2021.10.linux64_1.0.200.202301161003/tools/bin/../lib/gcc/arm-none-eabi/10.3.1/thumb/v7e-m+dp/hard/libgcc.a

.debug_info     0x0000000000000000    0x1ce61
 .debug_info    0x0000000000000000     0x1cf6 ./Core/Src/accel.o
 .debug_info    0x0000000000001cf6       0x66 ./Core/Src/attitude.o
 .debug_info    0x0000000000001d5c      0xcfe ./Core/Src/comm.o
 .debug_info    0x0000000000002a5a       0xc6 ./Core/Src/control_motor.o
 .debug_info    0x0000000000002b20      0x726 ./Core/Src/filter.o
 .debug_info    0x0000000000003246      0x490 ./Core/Src/flight_math.o
 .debug_info    0x00000000000036d6     0x204c ./Core/Src/gyro.o
 .debug_info    0x0000000000005722     0x1ccb ./Core/Src/imu.o
 .debug_info    0x00000000000073ed     0x127a ./Core/Src/mag.o
 .debug_info    0x0000000000008667     0x26a2 ./Core/Src/main.o
 .debug_info    0x000000000000ad09     0x2fb9 ./Core/Src/pid.o
 .debug_info    0x000000000000dcc2      0x3d7 ./Core/Src/sensor_align.o
 .debug_info    0x000000000000e099     0x14b7 ./Core/Src/sensors.o
 .debug_info    0x000000000000f550     0x12c0 ./Core/Src/stm32f7xx_hal_msp.o
 .debug_info    0x0000000000010810      0x121 ./Core/Src/stm32f7xx_it.o
 .debug_info    0x0000000000010931      0x72c ./Core/Src/system_stm32f7xx.o
 .debug_info    0x000000000001105d       0x22 ./Core/Startup/startup_stm32f767zitx.o
 .debug_info    0x000000000001107f      0xa82 ./Drivers/STM32F7xx_HAL_Driver/Src/stm32f7xx_hal.o
 .debug_info    0x0000000000011b01     0x109c ./Drivers/STM32F7xx_HAL_Driver/Src/stm32f7xx_hal_cortex.o
 .debug_info    0x0000000000012b9d      0x7a2 ./Drivers/STM32F7xx_HAL_Driver/Src/stm32f7xx_hal_gpio.o
 .debug_info    0x000000000001333f     0x16c1 ./Drivers/STM32F7xx_HAL_Driver/Src/stm32f7xx_hal_pcd.o
 .debug_info    0x0000000000014a00      0x7df ./Drivers/STM32F7xx_HAL_Driver/Src/stm32f7xx_hal_pcd_ex.o
 .debug_info    0x00000000000151df      0x978 ./Drivers/STM32F7xx_HAL_Driver/Src/stm32f7xx_hal_pwr.o
 .debug_info    0x0000000000015b57      0x92e ./Drivers/STM32F7xx_HAL_Driver/Src/stm32f7xx_hal_pwr_ex.o
 .debug_info    0x0000000000016485      0x9f8 ./Drivers/STM32F7xx_HAL_Driver/Src/stm32f7xx_hal_rcc.o
 .debug_info    0x0000000000016e7d      0x78b ./Drivers/STM32F7xx_HAL_Driver/Src/stm32f7xx_hal_rcc_ex.o
 .debug_info    0x0000000000017608     0x3cf4 ./Drivers/STM32F7xx_HAL_Driver/Src/stm32f7xx_hal_uart.o
 .debug_info    0x000000000001b2fc     0x1b65 ./Drivers/STM32F7xx_HAL_Driver/Src/stm32f7xx_ll_usb.o

.debug_abbrev   0x0000000000000000     0x3a40
 .debug_abbrev  0x0000000000000000      0x2c1 ./Core/Src/accel.o
 .debug_abbrev  0x00000000000002c1       0x44 ./Core/Src/attitude.o
 .debug_abbrev  0x0000000000000305      0x1c8 ./Core/Src/comm.o
 .debug_abbrev  0x00000000000004cd       0x5a ./Core/Src/control_motor.o
 .debug_abbrev  0x0000000000000527      0x1ad ./Core/Src/filter.o
 .debug_abbrev  0x00000000000006d4      0x1d9 ./Core/Src/flight_math.o
 .debug_abbrev  0x00000000000008ad      0x3b7 ./Core/Src/gyro.o
 .debug_abbrev  0x0000000000000c64      0x38c ./Core/Src/imu.o
 .debug_abbrev  0x0000000000000ff0      0x26f ./Core/Src/mag.o
 .debug_abbrev  0x000000000000125f      0x380 ./Core/Src/main.o
 .debug_abbrev  0x00000000000015df      0x428 ./Core/Src/pid.o
 .debug_abbrev  0x0000000000001a07      0x1c9 ./Core/Src/sensor_align.o
 .debug_abbrev  0x0000000000001bd0      0x1e6 ./Core/Src/sensors.o
 .debug_abbrev  0x0000000000001db6      0x205 ./Core/Src/stm32f7xx_hal_msp.o
 .debug_abbrev  0x0000000000001fbb       0x74 ./Core/Src/stm32f7xx_it.o
 .debug_abbrev  0x000000000000202f      0x136 ./Core/Src/system_stm32f7xx.o
 .debug_abbrev  0x0000000000002165       0x12 ./Core/Startup/startup_stm32f767zitx.o
 .debug_abbrev  0x0000000000002177      0x20d ./Drivers/STM32F7xx_HAL_Driver/Src/stm32f7xx_hal.o
 .debug_abbrev  0x0000000000002384      0x316 ./Drivers/STM32F7xx_HAL_Driver/Src/stm32f7xx_hal_cortex.o
 .debug_abbrev  0x000000000000269a      0x1c4 ./Drivers/STM32F7xx_HAL_Driver/Src/stm32f7xx_hal_gpio.o
 .debug_abbrev  0x000000000000285e      0x2d2 ./Drivers/STM32F7xx_HAL_Driver/Src/stm32f7xx_hal_pcd.o
 .debug_abbrev  0x0000000000002b30      0x1bd ./Drivers/STM32F7xx_HAL_Driver/Src/stm32f7xx_hal_pcd_ex.o
 .debug_abbrev  0x0000000000002ced      0x1b8 ./Drivers/STM32F7xx_HAL_Driver/Src/stm32f7xx_hal_pwr.o
 .debug_abbrev  0x0000000000002ea5      0x1cb ./Drivers/STM32F7xx_HAL_Driver/Src/stm32f7xx_hal_pwr_ex.o
 .debug_abbrev  0x0000000000003070      0x2d1 ./Drivers/STM32F7xx_HAL_Driver/Src/stm32f7xx_hal_rcc.o
 .debug_abbrev  0x0000000000003341      0x1b9 ./Drivers/STM32F7xx_HAL_Driver/Src/stm32f7xx_hal_rcc_ex.o
 .debug_abbrev  0x00000000000034fa      0x2ce ./Drivers/STM32F7xx_HAL_Driver/Src/stm32f7xx_hal_uart.o
 .debug_abbrev  0x00000000000037c8      0x278 ./Drivers/STM32F7xx_HAL_Driver/Src/stm32f7xx_ll_usb.o

.debug_aranges  0x0000000000000000      0xf60
 .debug_aranges
                0x0000000000000000       0x48 ./Core/Src/accel.o
 .debug_aranges
                0x0000000000000048       0x28 ./Core/Src/attitude.o
 .debug_aranges
                0x0000000000000070       0x20 ./Core/Src/comm.o
 .debug_aranges
                0x0000000000000090       0x28 ./Core/Src/control_motor.o
 .debug_aranges
                0x00000000000000b8       0x90 ./Core/Src/filter.o
 .debug_aranges
                0x0000000000000148       0x50 ./Core/Src/flight_math.o
 .debug_aranges
                0x0000000000000198       0xa0 ./Core/Src/gyro.o
 .debug_aranges
                0x0000000000000238       0x98 ./Core/Src/imu.o
 .debug_aranges
                0x00000000000002d0       0x30 ./Core/Src/mag.o
 .debug_aranges
                0x0000000000000300       0x78 ./Core/Src/main.o
 .debug_aranges
                0x0000000000000378       0xc0 ./Core/Src/pid.o
 .debug_aranges
                0x0000000000000438       0x30 ./Core/Src/sensor_align.o
 .debug_aranges
                0x0000000000000468       0x28 ./Core/Src/sensors.o
 .debug_aranges
                0x0000000000000490       0x40 ./Core/Src/stm32f7xx_hal_msp.o
 .debug_aranges
                0x00000000000004d0       0x60 ./Core/Src/stm32f7xx_it.o
 .debug_aranges
                0x0000000000000530       0x28 ./Core/Src/system_stm32f7xx.o
 .debug_aranges
                0x0000000000000558       0x28 ./Core/Startup/startup_stm32f767zitx.o
 .debug_aranges
                0x0000000000000580      0x110 ./Drivers/STM32F7xx_HAL_Driver/Src/stm32f7xx_hal.o
 .debug_aranges
                0x0000000000000690      0x118 ./Drivers/STM32F7xx_HAL_Driver/Src/stm32f7xx_hal_cortex.o
 .debug_aranges
                0x00000000000007a8       0x58 ./Drivers/STM32F7xx_HAL_Driver/Src/stm32f7xx_hal_gpio.o
 .debug_aranges
                0x0000000000000800      0x148 ./Drivers/STM32F7xx_HAL_Driver/Src/stm32f7xx_hal_pcd.o
 .debug_aranges
                0x0000000000000948       0x48 ./Drivers/STM32F7xx_HAL_Driver/Src/stm32f7xx_hal_pcd_ex.o
 .debug_aranges
                0x0000000000000990       0xa0 ./Drivers/STM32F7xx_HAL_Driver/Src/stm32f7xx_hal_pwr.o
 .debug_aranges
                0x0000000000000a30       0x80 ./Drivers/STM32F7xx_HAL_Driver/Src/stm32f7xx_hal_pwr_ex.o
 .debug_aranges
                0x0000000000000ab0       0x88 ./Drivers/STM32F7xx_HAL_Driver/Src/stm32f7xx_hal_rcc.o
 .debug_aranges
                0x0000000000000b38       0x50 ./Drivers/STM32F7xx_HAL_Driver/Src/stm32f7xx_hal_rcc_ex.o
 .debug_aranges
                0x0000000000000b88      0x230 ./Drivers/STM32F7xx_HAL_Driver/Src/stm32f7xx_hal_uart.o
 .debug_aranges
                0x0000000000000db8      0x1a8 ./Drivers/STM32F7xx_HAL_Driver/Src/stm32f7xx_ll_usb.o

.debug_ranges   0x0000000000000000      0xdd8
 .debug_ranges  0x0000000000000000       0x38 ./Core/Src/accel.o
 .debug_ranges  0x0000000000000038       0x18 ./Core/Src/attitude.o
 .debug_ranges  0x0000000000000050       0x10 ./Core/Src/comm.o
 .debug_ranges  0x0000000000000060       0x18 ./Core/Src/control_motor.o
 .debug_ranges  0x0000000000000078       0x80 ./Core/Src/filter.o
 .debug_ranges  0x00000000000000f8       0x40 ./Core/Src/flight_math.o
 .debug_ranges  0x0000000000000138       0x90 ./Core/Src/gyro.o
 .debug_ranges  0x00000000000001c8       0x88 ./Core/Src/imu.o
 .debug_ranges  0x0000000000000250       0x20 ./Core/Src/mag.o
 .debug_ranges  0x0000000000000270       0x68 ./Core/Src/main.o
 .debug_ranges  0x00000000000002d8       0xb0 ./Core/Src/pid.o
 .debug_ranges  0x0000000000000388       0x20 ./Core/Src/sensor_align.o
 .debug_ranges  0x00000000000003a8       0x18 ./Core/Src/sensors.o
 .debug_ranges  0x00000000000003c0       0x30 ./Core/Src/stm32f7xx_hal_msp.o
 .debug_ranges  0x00000000000003f0       0x50 ./Core/Src/stm32f7xx_it.o
 .debug_ranges  0x0000000000000440       0x18 ./Core/Src/system_stm32f7xx.o
 .debug_ranges  0x0000000000000458       0x20 ./Core/Startup/startup_stm32f767zitx.o
 .debug_ranges  0x0000000000000478      0x100 ./Drivers/STM32F7xx_HAL_Driver/Src/stm32f7xx_hal.o
 .debug_ranges  0x0000000000000578      0x108 ./Drivers/STM32F7xx_HAL_Driver/Src/stm32f7xx_hal_cortex.o
 .debug_ranges  0x0000000000000680       0x48 ./Drivers/STM32F7xx_HAL_Driver/Src/stm32f7xx_hal_gpio.o
 .debug_ranges  0x00000000000006c8      0x138 ./Drivers/STM32F7xx_HAL_Driver/Src/stm32f7xx_hal_pcd.o
 .debug_ranges  0x0000000000000800       0x38 ./Drivers/STM32F7xx_HAL_Driver/Src/stm32f7xx_hal_pcd_ex.o
 .debug_ranges  0x0000000000000838       0x90 ./Drivers/STM32F7xx_HAL_Driver/Src/stm32f7xx_hal_pwr.o
 .debug_ranges  0x00000000000008c8       0x70 ./Drivers/STM32F7xx_HAL_Driver/Src/stm32f7xx_hal_pwr_ex.o
 .debug_ranges  0x0000000000000938       0x78 ./Drivers/STM32F7xx_HAL_Driver/Src/stm32f7xx_hal_rcc.o
 .debug_ranges  0x00000000000009b0       0x40 ./Drivers/STM32F7xx_HAL_Driver/Src/stm32f7xx_hal_rcc_ex.o
 .debug_ranges  0x00000000000009f0      0x250 ./Drivers/STM32F7xx_HAL_Driver/Src/stm32f7xx_hal_uart.o
 .debug_ranges  0x0000000000000c40      0x198 ./Drivers/STM32F7xx_HAL_Driver/Src/stm32f7xx_ll_usb.o

.debug_macro    0x0000000000000000    0x29315
 .debug_macro   0x0000000000000000      0x324 ./Core/Src/accel.o
 .debug_macro   0x0000000000000324      0xa90 ./Core/Src/accel.o
 .debug_macro   0x0000000000000db4       0x22 ./Core/Src/accel.o
 .debug_macro   0x0000000000000dd6       0x4c ./Core/Src/accel.o
 .debug_macro   0x0000000000000e22       0x1d ./Core/Src/accel.o
 .debug_macro   0x0000000000000e3f       0x94 ./Core/Src/accel.o
 .debug_macro   0x0000000000000ed3       0x3c ./Core/Src/accel.o
 .debug_macro   0x0000000000000f0f       0x34 ./Core/Src/accel.o
 .debug_macro   0x0000000000000f43      0x174 ./Core/Src/accel.o
 .debug_macro   0x00000000000010b7       0x16 ./Core/Src/accel.o
 .debug_macro   0x00000000000010cd       0x43 ./Core/Src/accel.o
 .debug_macro   0x0000000000001110       0x57 ./Core/Src/accel.o
 .debug_macro   0x0000000000001167       0x34 ./Core/Src/accel.o
 .debug_macro   0x000000000000119b       0x10 ./Core/Src/accel.o
 .debug_macro   0x00000000000011ab       0x58 ./Core/Src/accel.o
 .debug_macro   0x0000000000001203       0x71 ./Core/Src/accel.o
 .debug_macro   0x0000000000001274       0x1c ./Core/Src/accel.o
 .debug_macro   0x0000000000001290      0x12a ./Core/Src/accel.o
 .debug_macro   0x00000000000013ba      0x341 ./Core/Src/accel.o
 .debug_macro   0x00000000000016fb       0x10 ./Core/Src/accel.o
 .debug_macro   0x000000000000170b       0x35 ./Core/Src/accel.o
 .debug_macro   0x0000000000001740       0x20 ./Core/Src/accel.o
 .debug_macro   0x0000000000001760      0x103 ./Core/Src/accel.o
 .debug_macro   0x0000000000001863       0x6a ./Core/Src/accel.o
 .debug_macro   0x00000000000018cd      0x1df ./Core/Src/accel.o
 .debug_macro   0x0000000000001aac       0x16 ./Core/Src/accel.o
 .debug_macro   0x0000000000001ac2       0x46 ./Core/Src/accel.o
 .debug_macro   0x0000000000001b08       0x22 ./Core/Src/accel.o
 .debug_macro   0x0000000000001b2a       0x10 ./Core/Src/accel.o
 .debug_macro   0x0000000000001b3a      0x293 ./Core/Src/accel.o
 .debug_macro   0x0000000000001dcd       0x2e ./Core/Src/accel.o
 .debug_macro   0x0000000000001dfb       0x3b ./Core/Src/accel.o
 .debug_macro   0x0000000000001e36       0x1c ./Core/Src/accel.o
 .debug_macro   0x0000000000001e52       0x22 ./Core/Src/accel.o
 .debug_macro   0x0000000000001e74       0xd9 ./Core/Src/accel.o
 .debug_macro   0x0000000000001f4d     0x12cd ./Core/Src/accel.o
 .debug_macro   0x000000000000321a      0x11f ./Core/Src/accel.o
 .debug_macro   0x0000000000003339       0x19 ./Core/Src/accel.o
 .debug_macro   0x0000000000003352    0x1aa0d ./Core/Src/accel.o
 .debug_macro   0x000000000001dd5f       0x6d ./Core/Src/accel.o
 .debug_macro   0x000000000001ddcc     0x3749 ./Core/Src/accel.o
 .debug_macro   0x0000000000021515       0x5d ./Core/Src/accel.o
 .debug_macro   0x0000000000021572     0x1add ./Core/Src/accel.o
 .debug_macro   0x000000000002304f      0x6c4 ./Core/Src/accel.o
 .debug_macro   0x0000000000023713      0x18b ./Core/Src/accel.o
 .debug_macro   0x000000000002389e      0x115 ./Core/Src/accel.o
 .debug_macro   0x00000000000239b3      0x26e ./Core/Src/accel.o
 .debug_macro   0x0000000000023c21       0xa5 ./Core/Src/accel.o
 .debug_macro   0x0000000000023cc6      0x24f ./Core/Src/accel.o
 .debug_macro   0x0000000000023f15       0x71 ./Core/Src/accel.o
 .debug_macro   0x0000000000023f86       0x58 ./Core/Src/accel.o
 .debug_macro   0x0000000000023fde      0x236 ./Core/Src/accel.o
 .debug_macro   0x0000000000024214      0x14e ./Core/Src/accel.o
 .debug_macro   0x0000000000024362      0x3db ./Core/Src/accel.o
 .debug_macro   0x000000000002473d       0x12 ./Core/Src/accel.o
 .debug_macro   0x000000000002474f      0x22c ./Core/Src/accel.o
 .debug_macro   0x000000000002497b       0x61 ./Core/Src/accel.o
 .debug_macro   0x00000000000249dc       0xa5 ./Core/Src/accel.o
 .debug_macro   0x0000000000024a81      0x12e ./Core/Src/accel.o
 .debug_macro   0x0000000000024baf      0x108 ./Core/Src/accel.o
 .debug_macro   0x0000000000024cb7       0x35 ./Core/Src/accel.o
 .debug_macro   0x0000000000024cec      0x5ba ./Core/Src/accel.o
 .debug_macro   0x00000000000252a6       0x44 ./Core/Src/accel.o
 .debug_macro   0x00000000000252ea      0x256 ./Core/Src/accel.o
 .debug_macro   0x0000000000025540       0xba ./Core/Src/accel.o
 .debug_macro   0x00000000000255fa      0x15b ./Core/Src/accel.o
 .debug_macro   0x0000000000025755       0x10 ./Core/Src/accel.o
 .debug_macro   0x0000000000025765       0x25 ./Core/Src/attitude.o
 .debug_macro   0x000000000002578a      0x21d ./Core/Src/comm.o
 .debug_macro   0x00000000000259a7       0x8e ./Core/Src/comm.o
 .debug_macro   0x0000000000025a35       0x51 ./Core/Src/comm.o
 .debug_macro   0x0000000000025a86       0x63 ./Core/Src/comm.o
 .debug_macro   0x0000000000025ae9       0xa2 ./Core/Src/control_motor.o
 .debug_macro   0x0000000000025b8b       0x89 ./Core/Src/control_motor.o
 .debug_macro   0x0000000000025c14      0x13b ./Core/Src/filter.o
 .debug_macro   0x0000000000025d4f      0x19b ./Core/Src/filter.o
 .debug_macro   0x0000000000025eea       0x40 ./Core/Src/filter.o
 .debug_macro   0x0000000000025f2a      0x16d ./Core/Src/flight_math.o
 .debug_macro   0x0000000000026097       0x52 ./Core/Src/flight_math.o
 .debug_macro   0x00000000000260e9      0x279 ./Core/Src/gyro.o
 .debug_macro   0x0000000000026362       0x10 ./Core/Src/gyro.o
 .debug_macro   0x0000000000026372       0x1c ./Core/Src/gyro.o
 .debug_macro   0x000000000002638e      0x38d ./Core/Src/imu.o
 .debug_macro   0x000000000002671b      0x201 ./Core/Src/imu.o
 .debug_macro   0x000000000002691c      0x268 ./Core/Src/mag.o
 .debug_macro   0x0000000000026b84      0x295 ./Core/Src/main.o
 .debug_macro   0x0000000000026e19      0x13c ./Core/Src/main.o
 .debug_macro   0x0000000000026f55      0x36c ./Core/Src/pid.o
 .debug_macro   0x00000000000272c1       0x16 ./Core/Src/pid.o
 .debug_macro   0x00000000000272d7       0x1c ./Core/Src/pid.o
 .debug_macro   0x00000000000272f3       0x34 ./Core/Src/pid.o
 .debug_macro   0x0000000000027327      0x157 ./Core/Src/sensor_align.o
 .debug_macro   0x000000000002747e      0x278 ./Core/Src/sensors.o
 .debug_macro   0x00000000000276f6      0x202 ./Core/Src/stm32f7xx_hal_msp.o
 .debug_macro   0x00000000000278f8      0x20c ./Core/Src/stm32f7xx_it.o
 .debug_macro   0x0000000000027b04      0x1f3 ./Core/Src/system_stm32f7xx.o
 .debug_macro   0x0000000000027cf7      0x217 ./Drivers/STM32F7xx_HAL_Driver/Src/stm32f7xx_hal.o
 .debug_macro   0x0000000000027f0e      0x1f3 ./Drivers/STM32F7xx_HAL_Driver/Src/stm32f7xx_hal_cortex.o
 .debug_macro   0x0000000000028101      0x1f9 ./Drivers/STM32F7xx_HAL_Driver/Src/stm32f7xx_hal_gpio.o
 .debug_macro   0x00000000000282fa      0x1ff ./Drivers/STM32F7xx_HAL_Driver/Src/stm32f7xx_hal_pcd.o
 .debug_macro   0x00000000000284f9      0x1f3 ./Drivers/STM32F7xx_HAL_Driver/Src/stm32f7xx_hal_pcd_ex.o
 .debug_macro   0x00000000000286ec      0x211 ./Drivers/STM32F7xx_HAL_Driver/Src/stm32f7xx_hal_pwr.o
 .debug_macro   0x00000000000288fd      0x20b ./Drivers/STM32F7xx_HAL_Driver/Src/stm32f7xx_hal_pwr_ex.o
 .debug_macro   0x0000000000028b08      0x217 ./Drivers/STM32F7xx_HAL_Driver/Src/stm32f7xx_hal_rcc.o
 .debug_macro   0x0000000000028d1f      0x1f3 ./Drivers/STM32F7xx_HAL_Driver/Src/stm32f7xx_hal_rcc_ex.o
 .debug_macro   0x0000000000028f12      0x210 ./Drivers/STM32F7xx_HAL_Driver/Src/stm32f7xx_hal_uart.o
 .debug_macro   0x0000000000029122      0x1f3 ./Drivers/STM32F7xx_HAL_Driver/Src/stm32f7xx_ll_usb.o

.debug_line     0x0000000000000000    0x1448d
 .debug_line    0x0000000000000000      0xac3 ./Core/Src/accel.o
 .debug_line    0x0000000000000ac3       0x89 ./Core/Src/attitude.o
 .debug_line    0x0000000000000b4c      0x712 ./Core/Src/comm.o
 .debug_line    0x000000000000125e      0x3e3 ./Core/Src/control_motor.o
 .debug_line    0x0000000000001641      0x7c5 ./Core/Src/filter.o
 .debug_line    0x0000000000001e06      0x74c ./Core/Src/flight_math.o
 .debug_line    0x0000000000002552      0xce9 ./Core/Src/gyro.o
 .debug_line    0x000000000000323b      0xee2 ./Core/Src/imu.o
 .debug_line    0x000000000000411d      0x841 ./Core/Src/mag.o
 .debug_line    0x000000000000495e      0x9d7 ./Core/Src/main.o
 .debug_line    0x0000000000005335     0x13a3 ./Core/Src/pid.o
 .debug_line    0x00000000000066d8      0x643 ./Core/Src/sensor_align.o
 .debug_line    0x0000000000006d1b      0x785 ./Core/Src/sensors.o
 .debug_line    0x00000000000074a0      0x7ad ./Core/Src/stm32f7xx_hal_msp.o
 .debug_line    0x0000000000007c4d      0x7a3 ./Core/Src/stm32f7xx_it.o
 .debug_line    0x00000000000083f0      0x760 ./Core/Src/system_stm32f7xx.o
 .debug_line    0x0000000000008b50       0x88 ./Core/Startup/startup_stm32f767zitx.o
 .debug_line    0x0000000000008bd8      0xa21 ./Drivers/STM32F7xx_HAL_Driver/Src/stm32f7xx_hal.o
 .debug_line    0x00000000000095f9      0xc77 ./Drivers/STM32F7xx_HAL_Driver/Src/stm32f7xx_hal_cortex.o
 .debug_line    0x000000000000a270      0xb65 ./Drivers/STM32F7xx_HAL_Driver/Src/stm32f7xx_hal_gpio.o
 .debug_line    0x000000000000add5     0x143c ./Drivers/STM32F7xx_HAL_Driver/Src/stm32f7xx_hal_pcd.o
 .debug_line    0x000000000000c211      0x7f2 ./Drivers/STM32F7xx_HAL_Driver/Src/stm32f7xx_hal_pcd_ex.o
 .debug_line    0x000000000000ca03      0x8f5 ./Drivers/STM32F7xx_HAL_Driver/Src/stm32f7xx_hal_pwr.o
 .debug_line    0x000000000000d2f8      0x966 ./Drivers/STM32F7xx_HAL_Driver/Src/stm32f7xx_hal_pwr_ex.o
 .debug_line    0x000000000000dc5e      0xe63 ./Drivers/STM32F7xx_HAL_Driver/Src/stm32f7xx_hal_rcc.o
 .debug_line    0x000000000000eac1      0xe3f ./Drivers/STM32F7xx_HAL_Driver/Src/stm32f7xx_hal_rcc_ex.o
 .debug_line    0x000000000000f900     0x30e4 ./Drivers/STM32F7xx_HAL_Driver/Src/stm32f7xx_hal_uart.o
 .debug_line    0x00000000000129e4     0x1aa9 ./Drivers/STM32F7xx_HAL_Driver/Src/stm32f7xx_ll_usb.o

.debug_str      0x0000000000000000    0xf80f5
 .debug_str     0x0000000000000000    0xf0860 ./Core/Src/accel.o
                                      0xf0fc8 (size before relaxing)
 .debug_str     0x00000000000f0860       0x9a ./Core/Src/attitude.o
                                       0x2dc5 (size before relaxing)
 .debug_str     0x00000000000f08fa       0x57 ./Core/Src/comm.o
                                      0xed01b (size before relaxing)
 .debug_str     0x00000000000f0951      0x312 ./Core/Src/control_motor.o
                                       0x3fce (size before relaxing)
 .debug_str     0x00000000000f0c63      0x9b3 ./Core/Src/filter.o
                                       0x7a73 (size before relaxing)
 .debug_str     0x00000000000f1616      0x23b ./Core/Src/flight_math.o
                                       0x7a8f (size before relaxing)
 .debug_str     0x00000000000f1851      0x7c1 ./Core/Src/gyro.o
                                      0xee712 (size before relaxing)
 .debug_str     0x00000000000f2012      0xb6b ./Core/Src/imu.o
                                      0xf205f (size before relaxing)
 .debug_str     0x00000000000f2b7d      0x208 ./Core/Src/mag.o
                                      0xed825 (size before relaxing)
 .debug_str     0x00000000000f2d85     0x109a ./Core/Src/main.o
                                      0xeecca (size before relaxing)
 .debug_str     0x00000000000f3e1f     0x153d ./Core/Src/pid.o
                                      0xf2da4 (size before relaxing)
 .debug_str     0x00000000000f535c       0x4d ./Core/Src/sensor_align.o
                                       0x73cc (size before relaxing)
 .debug_str     0x00000000000f53a9       0x54 ./Core/Src/sensors.o
                                      0xedc13 (size before relaxing)
 .debug_str     0x00000000000f53fd      0x31b ./Core/Src/stm32f7xx_hal_msp.o
                                      0xed1c8 (size before relaxing)
 .debug_str     0x00000000000f5718       0xc9 ./Core/Src/stm32f7xx_it.o
                                      0xec527 (size before relaxing)
 .debug_str     0x00000000000f57e1      0x1a4 ./Core/Src/system_stm32f7xx.o
                                      0xec24f (size before relaxing)
 .debug_str     0x00000000000f5985       0x78 ./Core/Startup/startup_stm32f767zitx.o
 .debug_str     0x00000000000f59fd      0x466 ./Drivers/STM32F7xx_HAL_Driver/Src/stm32f7xx_hal.o
                                      0xecc8f (size before relaxing)
 .debug_str     0x00000000000f5e63      0x339 ./Drivers/STM32F7xx_HAL_Driver/Src/stm32f7xx_hal_cortex.o
                                      0xecc3f (size before relaxing)
 .debug_str     0x00000000000f619c      0x105 ./Drivers/STM32F7xx_HAL_Driver/Src/stm32f7xx_hal_gpio.o
                                      0xec30d (size before relaxing)
 .debug_str     0x00000000000f62a1      0x832 ./Drivers/STM32F7xx_HAL_Driver/Src/stm32f7xx_hal_pcd.o
                                      0xecc6c (size before relaxing)
 .debug_str     0x00000000000f6ad3      0x12d ./Drivers/STM32F7xx_HAL_Driver/Src/stm32f7xx_hal_pcd_ex.o
                                      0xec56d (size before relaxing)
 .debug_str     0x00000000000f6c00      0x2ac ./Drivers/STM32F7xx_HAL_Driver/Src/stm32f7xx_hal_pwr.o
                                      0xec4f0 (size before relaxing)
 .debug_str     0x00000000000f6eac      0x1bd ./Drivers/STM32F7xx_HAL_Driver/Src/stm32f7xx_hal_pwr_ex.o
                                      0xec4be (size before relaxing)
 .debug_str     0x00000000000f7069      0x245 ./Drivers/STM32F7xx_HAL_Driver/Src/stm32f7xx_hal_rcc.o
                                      0xec5ca (size before relaxing)
 .debug_str     0x00000000000f72ae      0x147 ./Drivers/STM32F7xx_HAL_Driver/Src/stm32f7xx_hal_rcc_ex.o
                                      0xec52d (size before relaxing)
 .debug_str     0x00000000000f73f5      0x8a5 ./Drivers/STM32F7xx_HAL_Driver/Src/stm32f7xx_hal_uart.o
                                      0xecf18 (size before relaxing)
 .debug_str     0x00000000000f7c9a      0x45b ./Drivers/STM32F7xx_HAL_Driver/Src/stm32f7xx_ll_usb.o
                                      0xecaf2 (size before relaxing)

.comment        0x0000000000000000       0x50
 .comment       0x0000000000000000       0x50 ./Core/Src/accel.o
                                         0x51 (size before relaxing)
 .comment       0x0000000000000050       0x51 ./Core/Src/attitude.o
 .comment       0x0000000000000050       0x51 ./Core/Src/comm.o
 .comment       0x0000000000000050       0x51 ./Core/Src/control_motor.o
 .comment       0x0000000000000050       0x51 ./Core/Src/filter.o