../Core/Src/gyro.c:20:13:gyroSetTargetLooptime	16	static
../Core/Src/gyro.c:32:17:gyroSetSampleRate	24	static
../Core/Src/gyro.c:42:13:gyroInitSlewLimiter	24	static
../Core/Src/gyro.c:48:13:gyroInitSensorFilters	16	static
../Core/Src/gyro.c:53:13:gyroInitSensor	24	static
../Core/Src/gyro.c:79:17:calculateNyquistAdjustedNotchHz	24	static
../Core/Src/gyro.c:93:13:gyroInitLowpassFilterLpf	64	static
../Core/Src/gyro.c:164:13:gyroInitFilterNotch1	24	static
../Core/Src/gyro.c:179:13:gyroInitFilterNotch2	24	static
../Core/Src/gyro.c:194:13:gyroInitFilters	8	static
../Core/Src/gyro.c:216:6:gyroInit	16	static
../Core/Src/gyro.c:251:13:gyroUpdateSensor	16	static
../Core/Src/gyro.c:266:6:gyroUpdate	8	static
../Core/Src/gyro.c:287:6:gyroFilter	16	static
../Core/Src/gyro.c:315:6:gyroAccumulateMeasurements	16	static
../Core/Src/gyro.c:324:6:gyroGetAccumulationAverage	32	static
../Core/Src/gyro.c:343:6:gyroOverflowDetected	4	static
