../Core/Src/imu.c:71:14:getCosTiltAngle	4	static
../Core/Src/imu.c:76:13:imuQuaternionComputeProducts	16	static
../Core/Src/imu.c:90:13:imuComputeRotationMatrix	8	static
../Core/Src/imu.c:106:14:calculateAccZLowPassFilterRCTimeConstant	16	static
../Core/Src/imu.c:111:14:calculateThrottleAngleScale	16	static
../Core/Src/imu.c:116:13:imuConfigure	16	static
../Core/Src/imu.c:129:6:imuInit	8	static
../Core/Src/imu.c:136:13:imuIsAccelerometerHealthy	32	static
../Core/Src/imu.c:150:14:invSqrt	16	static
../Core/Src/imu.c:155:13:imuMahonyAHRSupdate	136	static
../Core/Src/imu.c:277:13:imuUpdateEulerAngles	8	static
../Core/Src/imu.c:288:14:imuCalcKpGain	32	static
../Core/Src/imu.c:349:6:imuCalculateEstimatedAttitude	72	static
../Core/Src/imu.c:379:12:calculateThrottleAngleCorrection	24	static
../Core/Src/imu.c:395:13:mixerSetThrottleAngleCorrection	16	static
../Core/Src/imu.c:397:6:imuCalculateThrottleAngleCorrection	16	static
