../Drivers/CMSIS/Include/core_cm7.h:2606:26:ITM_SendChar	16	static,ignoring_inline_asm
../Core/Src/main.c:182:5:_write	32	static
../Core/Src/main.c:194:5:main	8	static
../Core/Src/main.c:355:6:SystemClock_Config	88	static
../Core/Src/main.c:413:13:MX_USART3_UART_Init	8	static
../Core/Src/main.c:448:13:MX_USB_OTG_FS_PCD_Init	8	static
../Core/Src/main.c:483:13:MX_GPIO_Init	56	static
../Core/Src/main.c:566:13:sensorGyroInit	16	static
../Core/Src/main.c:568:13:sensorGyroRead	16	static
../Core/Src/main.c:575:13:sensorAccInit	16	static
../Core/Src/main.c:577:13:sensorAccRead	40	static
../Core/Src/main.c:596:13:sensorMagInit	16	static
../Core/Src/main.c:598:13:sensorMagRead	16	static
../Core/Src/main.c:605:13:sensorBaroInit	16	static
../Core/Src/main.c:609:13:sensorBaroRead	16	static
../Core/Src/main.c:627:6:startTaskControlMotor	16	static
../Core/Src/main.c:647:6:startTaskAttitude	16	static
../Core/Src/main.c:668:6:startTaskAltitude	16	static
../Core/Src/main.c:687:6:StartTaskGetAccLSM6DSL	40	static
../Core/Src/main.c:710:6:StartTaskGetAccLSM303AGR	40	static
../Core/Src/main.c:733:6:StartTaskGetGyrLSM6DSL	40	static
../Core/Src/main.c:756:6:StartTaskGetMagnetLSM303AGR	40	static
../Core/Src/main.c:779:6:StartTaskGetPressLPS22HB	24	static
../Core/Src/main.c:803:6:StartTaskPrintUART	16	static
../Core/Src/main.c:826:6:HAL_TIM_PeriodElapsedCallback	16	static
../Core/Src/main.c:843:6:Error_Handler	4	static,ignoring_inline_asm
