../Drivers/CMSIS/Include/core_cm7.h:2606:26:ITM_SendChar	16	static,ignoring_inline_asm
../Core/Src/main.c:187:5:_write	32	static
../Core/Src/main.c:199:5:main	8	static
../Core/Src/main.c:363:6:SystemClock_Config	88	static
../Core/Src/main.c:421:13:MX_USART3_UART_Init	8	static
../Core/Src/main.c:456:13:MX_USB_OTG_FS_PCD_Init	8	static
../Core/Src/main.c:491:13:MX_GPIO_Init	56	static
../Core/Src/main.c:574:13:sensorGyroInit	16	static
../Core/Src/main.c:576:13:sensorGyroRead	32	static
../Core/Src/main.c:588:13:sensorAccInit	16	static
../Core/Src/main.c:590:13:sensorAccRead	40	static
../Core/Src/main.c:609:13:sensorMagInit	16	static
../Core/Src/main.c:611:13:sensorMagRead	32	static
../Core/Src/main.c:624:13:sensorBaroInit	16	static
../Core/Src/main.c:628:13:sensorBaroRead	16	static
../Core/Src/main.c:646:6:startTaskControlMotor	16	static
../Core/Src/main.c:666:6:startTaskAttitude	16	static
../Core/Src/main.c:687:6:startTaskAltitude	16	static
../Core/Src/main.c:706:6:StartTaskGetAccLSM6DSL	40	static
../Core/Src/main.c:732:6:StartTaskGetAccLSM303AGR	40	static
../Core/Src/main.c:758:6:StartTaskGetGyrLSM6DSL	40	static
../Core/Src/main.c:784:6:StartTaskGetMagnetLSM303AGR	40	static
../Core/Src/main.c:810:6:StartTaskGetPressLPS22HB	24	static
../Core/Src/main.c:837:6:StartTaskPrintUART	16	static
../Core/Src/main.c:860:6:HAL_TIM_PeriodElapsedCallback	16	static
../Core/Src/main.c:877:6:Error_Handler	4	static,ignoring_inline_asm
